

Wed May 19 12:07:28 2021
Command line: TestDisk

TestDisk 7.1, Data Recovery Utility, July 2019
Christophe GRENIER <grenier@cgsecurity.org>
https://www.cgsecurity.org
OS: Linux, kernel 5.4.0-73-generic (#82-Ubuntu SMP Wed Apr 14 17:39:42 UTC 2021) x86_64
Compiler: GCC 9.2
ext2fs lib: 1.45.5, ntfs lib: libntfs-3g, reiserfs lib: none, ewf lib: none, curses lib: ncurses 6.1
User is not root!
Hard disk list


TestDisk exited normally.
Using locale 'es_ES.UTF-8'.


Wed May 19 12:07:28 2021
Command line: TestDisk /debug

TestDisk 7.1, Data Recovery Utility, July 2019
Christophe GRENIER <grenier@cgsecurity.org>
https://www.cgsecurity.org
OS: Linux, kernel 5.4.0-73-generic (#82-Ubuntu SMP Wed Apr 14 17:39:42 UTC 2021) x86_64
Compiler: GCC 9.2
ext2fs lib: 1.45.5, ntfs lib: libntfs-3g, reiserfs lib: none, ewf lib: none, curses lib: ncurses 6.1
Warning: can't get size for Disk /dev/mapper/control - 0 B - 0 sectors, sector size=512
Warning: can't get size for Disk /dev/loop9 - 0 B - 0 sectors, sector size=512
Hard disk list
Disk /dev/mmcblk0 - 61 GB / 57 GiB - CHS 1888000 4 16, sector size=512
Disk /dev/sda - 1995 MB / 1903 MiB - CHS 1013 62 62, sector size=512 - Generic STORAGE DEVICE, FW:0903
Disk /dev/sdb - 240 GB / 223 GiB - CHS 29185 255 63, sector size=512 - KINGSTON SA400S37240G, FW:SBFK
Disk /dev/sdc - 1000 GB / 931 GiB - CHS 121601 255 63, sector size=512 - WDC WD10 EZEX-00WN4A0, FW:01.0
Disk /dev/loop0 - 111 MB / 106 MiB - 217992 sectors (RO), sector size=512
Disk /dev/loop1 - 64 MB / 61 MiB - 126408 sectors (RO), sector size=512
Disk /dev/loop2 - 18 MB / 17 MiB - 36720 sectors (RO), sector size=512
Disk /dev/loop3 - 170 MB / 162 MiB - 333552 sectors (RO), sector size=512
Disk /dev/loop4 - 58 MB / 55 MiB - 113504 sectors (RO), sector size=512
Disk /dev/loop5 - 33 MB / 32 MiB - 65712 sectors (RO), sector size=512
Disk /dev/loop6 - 12 MB / 11 MiB - 24176 sectors (RO), sector size=512
Disk /dev/loop7 - 68 MB / 65 MiB - 133320 sectors (RO), sector size=512
Disk /dev/loop8 - 33 MB / 32 MiB - 66096 sectors (RO), sector size=512

Partition table type (auto): EFI GPT
Disk /dev/sdb - 240 GB / 223 GiB - KINGSTON SA400S37240G
Partition table type: EFI GPT

Analyse Disk /dev/sdb - 240 GB / 223 GiB - CHS 29185 255 63
hdr_size=92
hdr_lba_self=1
hdr_lba_alt=468862127 (expected 468862127)
hdr_lba_start=34
hdr_lba_end=468862094
hdr_lba_table=2
hdr_entries=128
hdr_entsz=128
Current partition structure:
 1 P EFI System                  2048    1050623    1048576 [EFI System Partition]
 2 P Linux filesys. data      1050624  205850623  204800000
 3 P Linux filesys. data    205850624  440225791  234375168
 4 P Linux Swap             440225792  468860927   28635136 [swap]
Backup partition structure
partition_save

search_part()
Disk /dev/sdb - 240 GB / 223 GiB - CHS 29185 255 63
FAT32 at 0/32/33
FAT1 : 32-1055
FAT2 : 1056-2079
start_rootdir : 2080 root cluster : 2
Data : 2080-1048567
sectors : 1048572
cluster_size : 8
no_of_cluster : 130811 (2 - 130812)
fat_length 1024 calculated 1022
set_FAT_info: name from BS used

FAT32 at 0/32/33
FAT: cluster=2(0x2), pos=4128
     EFI System                  2048    1050619    1048572 [EFI System Partition] [NO NAME]
     FAT32, blocksize=4096, 536 MB / 511 MiB

recover_EXT2: s_block_group_nr=0/781, s_mnt_count=8/4294967295, s_blocks_per_group=32768, s_inodes_per_group=8192
recover_EXT2: s_blocksize=4096
recover_EXT2: s_blocks_count 25600000
recover_EXT2: part_size 204800000
Filesystem created: Tue Apr 27 16:26:40 2021
Last mount time:    Wed May 19 10:09:51 2021
     Linux filesys. data      1050624  205850623  204800000
     ext4 blocksize=4096 Large_file Sparse_SB Recover, 104 GB / 97 GiB

recover_EXT2: s_block_group_nr=0/894, s_mnt_count=3/4294967295, s_blocks_per_group=32768, s_inodes_per_group=8192
recover_EXT2: s_blocksize=4096
recover_EXT2: s_blocks_count 29296896
recover_EXT2: part_size 234375168
Filesystem created: Sat Apr 24 17:01:56 2021
Last mount time:    Tue May 18 18:00:44 2021
     Linux filesys. data    205850624  440225791  234375168 [home]
     ext4 blocksize=4096 Large_file Sparse_SB, 120 GB / 111 GiB
     Linux Swap             440225792  468860911   28635120
     SWAP2 version 1, pagesize=4096, 14 GB / 13 GiB

Results
   P EFI System                  2048    1050619    1048572 [EFI System Partition] [NO NAME]
     FAT32, blocksize=4096, 536 MB / 511 MiB
   P Linux filesys. data      1050624  205850623  204800000
     ext4 blocksize=4096 Large_file Sparse_SB Recover, 104 GB / 97 GiB
   P Linux filesys. data    205850624  440225791  234375168 [home]
     ext4 blocksize=4096 Large_file Sparse_SB, 120 GB / 111 GiB
   P Linux Swap             440225792  468860911   28635120
     SWAP2 version 1, pagesize=4096, 14 GB / 13 GiB

Hint for advanced users: dmsetup may be used if you prefer to avoid rewriting the partition table for the moment:
echo "0 1048572 linear /dev/sdb 2048" | dmsetup create test0
echo "0 204800000 linear /dev/sdb 1050624" | dmsetup create test1
echo "0 234375168 linear /dev/sdb 205850624" | dmsetup create test2
echo "0 28635120 linear /dev/sdb 440225792" | dmsetup create test3

interface_write()
 1 P EFI System                  2048    1050619    1048572 [EFI System Partition] [NO NAME]
 2 P Linux filesys. data      1050624  205850623  204800000
 3 P Linux filesys. data    205850624  440225791  234375168 [home]
 4 P Linux Swap             440225792  468860911   28635120

search_part()
Disk /dev/sdb - 240 GB / 223 GiB - CHS 29185 255 63
FAT32 at 0/32/33
FAT1 : 32-1055
FAT2 : 1056-2079
start_rootdir : 2080 root cluster : 2
Data : 2080-1048567
sectors : 1048572
cluster_size : 8
no_of_cluster : 130811 (2 - 130812)
fat_length 1024 calculated 1022
set_FAT_info: name from BS used

FAT32 at 0/32/33
FAT: cluster=2(0x2), pos=4128
     EFI System                  2048    1050619    1048572 [EFI System Partition] [NO NAME]
     FAT32, blocksize=4096, 536 MB / 511 MiB
FAT32 at 0/32/39
FAT1 : 32-1055
FAT2 : 1056-2079
start_rootdir : 2080 root cluster : 2
Data : 2080-1048567
sectors : 1048572
cluster_size : 8
no_of_cluster : 130811 (2 - 130812)
fat_length 1024 calculated 1022
set_FAT_info: name from BS used

FAT32 at 0/32/39
FAT: cluster=2(0x2), pos=4128
     EFI System                  2048    1050619    1048572 [EFI System Partition] [NO NAME]
     FAT32, blocksize=4096, 536 MB / 511 MiB
FAT32 at 0/32/39
FAT1 : 32-1055
FAT2 : 1056-2079
start_rootdir : 2080 root cluster : 2
Data : 2080-1048567
sectors : 1048572
cluster_size : 8
no_of_cluster : 130811 (2 - 130812)
fat_length 1024 calculated 1022
set_FAT_info: name from BS used

FAT32 at 0/32/39
FAT: Directory entry is marked as free.
FAT: cluster=2(0x2), pos=4134
     MS Data                     2054    1050625    1048572 [NO NAME]
     FAT32, blocksize=4096, 536 MB / 511 MiB

recover_EXT2: s_block_group_nr=0/781, s_mnt_count=8/4294967295, s_blocks_per_group=32768, s_inodes_per_group=8192
recover_EXT2: s_blocksize=4096
recover_EXT2: s_blocks_count 25600000
recover_EXT2: part_size 204800000
Filesystem created: Tue Apr 27 16:26:40 2021
Last mount time:    Wed May 19 10:09:51 2021
     Linux filesys. data      1050624  205850623  204800000
     ext4 blocksize=4096 Large_file Sparse_SB Recover, 104 GB / 97 GiB

block_group_nr 1

recover_EXT2: "e2fsck -b 32768 -B 4096 device" may be needed
recover_EXT2: s_block_group_nr=1/781, s_mnt_count=0/4294967295, s_blocks_per_group=32768, s_inodes_per_group=8192
recover_EXT2: s_blocksize=4096
recover_EXT2: s_blocks_count 25600000
recover_EXT2: part_size 204800000
Filesystem created: Tue Apr 27 16:26:40 2021
Last mount time:    Mon May 17 09:48:50 2021
     Linux filesys. data      1050622  205850621  204800000
     ext4 blocksize=4096 Large_file Sparse_SB Backup_SB, 104 GB / 97 GiB

block_group_nr 1

recover_EXT2: "e2fsck -b 32768 -B 4096 device" may be needed
recover_EXT2: s_block_group_nr=1/781, s_mnt_count=0/4294967295, s_blocks_per_group=32768, s_inodes_per_group=8192
recover_EXT2: s_blocksize=4096
recover_EXT2: s_blocks_count 25600000
recover_EXT2: part_size 204800000
Filesystem created: Tue Apr 27 16:26:40 2021
Last mount time:    Mon May 17 09:48:50 2021
     Linux filesys. data      1050624  205850623  204800000
     ext4 blocksize=4096 Large_file Sparse_SB Backup_SB, 104 GB / 97 GiB

block_group_nr 3

recover_EXT2: "e2fsck -b 98304 -B 4096 device" may be needed
recover_EXT2: s_block_group_nr=3/781, s_mnt_count=0/4294967295, s_blocks_per_group=32768, s_inodes_per_group=8192
recover_EXT2: s_blocksize=4096
recover_EXT2: s_blocks_count 25600000
recover_EXT2: part_size 204800000
Filesystem created: Tue Apr 27 16:26:40 2021
Last mount time:    Mon May 17 09:48:50 2021
     Linux filesys. data      1050622  205850621  204800000
     ext4 blocksize=4096 Large_file Sparse_SB Backup_SB, 104 GB / 97 GiB

block_group_nr 3

recover_EXT2: "e2fsck -b 98304 -B 4096 device" may be needed
recover_EXT2: s_block_group_nr=3/781, s_mnt_count=0/4294967295, s_blocks_per_group=32768, s_inodes_per_group=8192
recover_EXT2: s_blocksize=4096
recover_EXT2: s_blocks_count 25600000
recover_EXT2: part_size 204800000
Filesystem created: Tue Apr 27 16:26:40 2021
Last mount time:    Mon May 17 09:48:50 2021
     Linux filesys. data      1050624  205850623  204800000
     ext4 blocksize=4096 Large_file Sparse_SB Backup_SB, 104 GB / 97 GiB

block_group_nr 5

recover_EXT2: "e2fsck -b 163840 -B 4096 device" may be needed
recover_EXT2: s_block_group_nr=5/781, s_mnt_count=0/4294967295, s_blocks_per_group=32768, s_inodes_per_group=8192
recover_EXT2: s_blocksize=4096
recover_EXT2: s_blocks_count 25600000
recover_EXT2: part_size 204800000
Filesystem created: Tue Apr 27 16:26:40 2021
Last mount time:    Mon May 17 09:48:50 2021
     Linux filesys. data      1050622  205850621  204800000
     ext4 blocksize=4096 Large_file Sparse_SB Backup_SB, 104 GB / 97 GiB

block_group_nr 5

recover_EXT2: "e2fsck -b 163840 -B 4096 device" may be needed
recover_EXT2: s_block_group_nr=5/781, s_mnt_count=0/4294967295, s_blocks_per_group=32768, s_inodes_per_group=8192
recover_EXT2: s_blocksize=4096
recover_EXT2: s_blocks_count 25600000
recover_EXT2: part_size 204800000
Filesystem created: Tue Apr 27 16:26:40 2021
Last mount time:    Mon May 17 09:48:50 2021
     Linux filesys. data      1050624  205850623  204800000
     ext4 blocksize=4096 Large_file Sparse_SB Backup_SB, 104 GB / 97 GiB

block_group_nr 7

recover_EXT2: "e2fsck -b 229376 -B 4096 device" may be needed
recover_EXT2: s_block_group_nr=7/781, s_mnt_count=0/4294967295, s_blocks_per_group=32768, s_inodes_per_group=8192
recover_EXT2: s_blocksize=4096
recover_EXT2: s_blocks_count 25600000
recover_EXT2: part_size 204800000
Filesystem created: Tue Apr 27 16:26:40 2021
Last mount time:    Mon May 17 09:48:50 2021
     Linux filesys. data      1050622  205850621  204800000
     ext4 blocksize=4096 Large_file Sparse_SB Backup_SB, 104 GB / 97 GiB

block_group_nr 7

recover_EXT2: "e2fsck -b 229376 -B 4096 device" may be needed
recover_EXT2: s_block_group_nr=7/781, s_mnt_count=0/4294967295, s_blocks_per_group=32768, s_inodes_per_group=8192
recover_EXT2: s_blocksize=4096
recover_EXT2: s_blocks_count 25600000
recover_EXT2: part_size 204800000
Filesystem created: Tue Apr 27 16:26:40 2021
Last mount time:    Mon May 17 09:48:50 2021
     Linux filesys. data      1050624  205850623  204800000
     ext4 blocksize=4096 Large_file Sparse_SB Backup_SB, 104 GB / 97 GiB

block_group_nr 9

recover_EXT2: "e2fsck -b 294912 -B 4096 device" may be needed
recover_EXT2: s_block_group_nr=9/781, s_mnt_count=0/4294967295, s_blocks_per_group=32768, s_inodes_per_group=8192
recover_EXT2: s_blocksize=4096
recover_EXT2: s_blocks_count 25600000
recover_EXT2: part_size 204800000
Filesystem created: Tue Apr 27 16:26:40 2021
Last mount time:    Mon May 17 09:48:50 2021
     Linux filesys. data      1050622  205850621  204800000
     ext4 blocksize=4096 Large_file Sparse_SB Backup_SB, 104 GB / 97 GiB

block_group_nr 9

recover_EXT2: "e2fsck -b 294912 -B 4096 device" may be needed
recover_EXT2: s_block_group_nr=9/781, s_mnt_count=0/4294967295, s_blocks_per_group=32768, s_inodes_per_group=8192
recover_EXT2: s_blocksize=4096
recover_EXT2: s_blocks_count 25600000
recover_EXT2: part_size 204800000
Filesystem created: Tue Apr 27 16:26:40 2021
Last mount time:    Mon May 17 09:48:50 2021
     Linux filesys. data      1050624  205850623  204800000
     ext4 blocksize=4096 Large_file Sparse_SB Backup_SB, 104 GB / 97 GiB

LVM magic value at 344/21/44

LVM magic value at 354/89/29

block_group_nr 25

recover_EXT2: "e2fsck -b 819200 -B 4096 device" may be needed
recover_EXT2: s_block_group_nr=25/781, s_mnt_count=0/4294967295, s_blocks_per_group=32768, s_inodes_per_group=8192
recover_EXT2: s_blocksize=4096
recover_EXT2: s_blocks_count 25600000
recover_EXT2: part_size 204800000
Filesystem created: Tue Apr 27 16:26:40 2021
Last mount time:    Mon May 17 09:48:50 2021
     Linux filesys. data      1050622  205850621  204800000
     ext4 blocksize=4096 Large_file Sparse_SB Backup_SB, 104 GB / 97 GiB

block_group_nr 25

recover_EXT2: "e2fsck -b 819200 -B 4096 device" may be needed
recover_EXT2: s_block_group_nr=25/781, s_mnt_count=0/4294967295, s_blocks_per_group=32768, s_inodes_per_group=8192
recover_EXT2: s_blocksize=4096
recover_EXT2: s_blocks_count 25600000
recover_EXT2: part_size 204800000
Filesystem created: Tue Apr 27 16:26:40 2021
Last mount time:    Mon May 17 09:48:50 2021
     Linux filesys. data      1050624  205850623  204800000
     ext4 blocksize=4096 Large_file Sparse_SB Backup_SB, 104 GB / 97 GiB

block_group_nr 27

recover_EXT2: "e2fsck -b 884736 -B 4096 device" may be needed
recover_EXT2: s_block_group_nr=27/781, s_mnt_count=0/4294967295, s_blocks_per_group=32768, s_inodes_per_group=8192
recover_EXT2: s_blocksize=4096
recover_EXT2: s_blocks_count 25600000
recover_EXT2: part_size 204800000
Filesystem created: Tue Apr 27 16:26:40 2021
Last mount time:    Mon May 17 09:48:50 2021
     Linux filesys. data      1050622  205850621  204800000
     ext4 blocksize=4096 Large_file Sparse_SB Backup_SB, 104 GB / 97 GiB

block_group_nr 27

recover_EXT2: "e2fsck -b 884736 -B 4096 device" may be needed
recover_EXT2: s_block_group_nr=27/781, s_mnt_count=0/4294967295, s_blocks_per_group=32768, s_inodes_per_group=8192
recover_EXT2: s_blocksize=4096
recover_EXT2: s_blocks_count 25600000
recover_EXT2: part_size 204800000
Filesystem created: Tue Apr 27 16:26:40 2021
Last mount time:    Mon May 17 09:48:50 2021
     Linux filesys. data      1050624  205850623  204800000
     ext4 blocksize=4096 Large_file Sparse_SB Backup_SB, 104 GB / 97 GiB

LVM magic value at 551/214/9

LVM magic value at 741/215/12

block_group_nr 49

recover_EXT2: "e2fsck -b 1605632 -B 4096 device" may be needed
recover_EXT2: s_block_group_nr=49/781, s_mnt_count=0/4294967295, s_blocks_per_group=32768, s_inodes_per_group=8192
recover_EXT2: s_blocksize=4096
recover_EXT2: s_blocks_count 25600000
recover_EXT2: part_size 204800000
Filesystem created: Tue Apr 27 16:26:40 2021
Last mount time:    Mon May 17 09:48:50 2021
     Linux filesys. data      1050622  205850621  204800000
     ext4 blocksize=4096 Large_file Sparse_SB Backup_SB, 104 GB / 97 GiB

block_group_nr 49

recover_EXT2: "e2fsck -b 1605632 -B 4096 device" may be needed
recover_EXT2: s_block_group_nr=49/781, s_mnt_count=0/4294967295, s_blocks_per_group=32768, s_inodes_per_group=8192
recover_EXT2: s_blocksize=4096
recover_EXT2: s_blocks_count 25600000
recover_EXT2: part_size 204800000
Filesystem created: Tue Apr 27 16:26:40 2021
Last mount time:    Mon May 17 09:48:50 2021
     Linux filesys. data      1050624  205850623  204800000
     ext4 blocksize=4096 Large_file Sparse_SB Backup_SB, 104 GB / 97 GiB

LVM magic value at 1038/33/25

block_group_nr 81

recover_EXT2: "e2fsck -b 2654208 -B 4096 device" may be needed
recover_EXT2: s_block_group_nr=81/781, s_mnt_count=0/4294967295, s_blocks_per_group=32768, s_inodes_per_group=8192
recover_EXT2: s_blocksize=4096
recover_EXT2: s_blocks_count 25600000
recover_EXT2: part_size 204800000
Filesystem created: Tue Apr 27 16:26:40 2021
Last mount time:    Mon May 17 09:48:50 2021
     Linux filesys. data      1050622  205850621  204800000
     ext4 blocksize=4096 Large_file Sparse_SB Backup_SB, 104 GB / 97 GiB

block_group_nr 81

recover_EXT2: "e2fsck -b 2654208 -B 4096 device" may be needed
recover_EXT2: s_block_group_nr=81/781, s_mnt_count=0/4294967295, s_blocks_per_group=32768, s_inodes_per_group=8192
recover_EXT2: s_blocksize=4096
recover_EXT2: s_blocks_count 25600000
recover_EXT2: part_size 204800000
Filesystem created: Tue Apr 27 16:26:40 2021
Last mount time:    Mon May 17 09:48:50 2021
     Linux filesys. data      1050624  205850623  204800000
     ext4 blocksize=4096 Large_file Sparse_SB Backup_SB, 104 GB / 97 GiB

block_group_nr 125

recover_EXT2: "e2fsck -b 4096000 -B 4096 device" may be needed
recover_EXT2: s_block_group_nr=125/781, s_mnt_count=0/4294967295, s_blocks_per_group=32768, s_inodes_per_group=8192
recover_EXT2: s_blocksize=4096
recover_EXT2: s_blocks_count 25600000
recover_EXT2: part_size 204800000
Filesystem created: Tue Apr 27 16:26:40 2021
Last mount time:    Mon May 17 09:48:50 2021
     Linux filesys. data      1050622  205850621  204800000
     ext4 blocksize=4096 Large_file Sparse_SB Backup_SB, 104 GB / 97 GiB

block_group_nr 125

recover_EXT2: "e2fsck -b 4096000 -B 4096 device" may be needed
recover_EXT2: s_block_group_nr=125/781, s_mnt_count=0/4294967295, s_blocks_per_group=32768, s_inodes_per_group=8192
recover_EXT2: s_blocksize=4096
recover_EXT2: s_blocks_count 25600000
recover_EXT2: part_size 204800000
Filesystem created: Tue Apr 27 16:26:40 2021
Last mount time:    Mon May 17 09:48:50 2021
     Linux filesys. data      1050624  205850623  204800000
     ext4 blocksize=4096 Large_file Sparse_SB Backup_SB, 104 GB / 97 GiB

LVM magic value at 3880/247/2
FAT32 at 4000/93/11
check_FAT: Bad number of entries in root dir

block_group_nr 243

recover_EXT2: "e2fsck -b 7962624 -B 4096 device" may be needed
recover_EXT2: s_block_group_nr=243/781, s_mnt_count=0/4294967295, s_blocks_per_group=32768, s_inodes_per_group=8192
recover_EXT2: s_blocksize=4096
recover_EXT2: s_blocks_count 25600000
recover_EXT2: part_size 204800000
Filesystem created: Tue Apr 27 16:26:40 2021
Last mount time:    Mon May 17 09:48:50 2021
     Linux filesys. data      1050622  205850621  204800000
     ext4 blocksize=4096 Large_file Sparse_SB Backup_SB, 104 GB / 97 GiB

block_group_nr 243

recover_EXT2: "e2fsck -b 7962624 -B 4096 device" may be needed
recover_EXT2: s_block_group_nr=243/781, s_mnt_count=0/4294967295, s_blocks_per_group=32768, s_inodes_per_group=8192
recover_EXT2: s_blocksize=4096
recover_EXT2: s_blocks_count 25600000
recover_EXT2: part_size 204800000
Filesystem created: Tue Apr 27 16:26:40 2021
Last mount time:    Mon May 17 09:48:50 2021
     Linux filesys. data      1050624  205850623  204800000
     ext4 blocksize=4096 Large_file Sparse_SB Backup_SB, 104 GB / 97 GiB

block_group_nr 343

recover_EXT2: "e2fsck -b 11239424 -B 4096 device" may be needed
recover_EXT2: s_block_group_nr=343/781, s_mnt_count=0/4294967295, s_blocks_per_group=32768, s_inodes_per_group=8192
recover_EXT2: s_blocksize=4096
recover_EXT2: s_blocks_count 25600000
recover_EXT2: part_size 204800000
Filesystem created: Tue Apr 27 16:26:40 2021
Last mount time:    Mon May 17 09:48:50 2021
     Linux filesys. data      1050622  205850621  204800000
     ext4 blocksize=4096 Large_file Sparse_SB Backup_SB, 104 GB / 97 GiB

block_group_nr 343

recover_EXT2: "e2fsck -b 11239424 -B 4096 device" may be needed
recover_EXT2: s_block_group_nr=343/781, s_mnt_count=0/4294967295, s_blocks_per_group=32768, s_inodes_per_group=8192
recover_EXT2: s_blocksize=4096
recover_EXT2: s_blocks_count 25600000
recover_EXT2: part_size 204800000
Filesystem created: Tue Apr 27 16:26:40 2021
Last mount time:    Mon May 17 09:48:50 2021
     Linux filesys. data      1050624  205850623  204800000
     ext4 blocksize=4096 Large_file Sparse_SB Backup_SB, 104 GB / 97 GiB

recover_EXT2: s_block_group_nr=0/781, s_mnt_count=8/4294967295, s_blocks_per_group=32768, s_inodes_per_group=8192
recover_EXT2: s_blocksize=4096
recover_EXT2: s_blocks_count 25600000
recover_EXT2: part_size 204800000
Filesystem created: Tue Apr 27 16:26:40 2021
Last mount time:    Wed May 19 10:09:51 2021
     Linux filesys. data    114558992  319358991  204800000
     ext4 blocksize=4096 Large_file Sparse_SB Recover, 104 GB / 97 GiB

recover_EXT2: s_block_group_nr=0/781, s_mnt_count=8/4294967295, s_blocks_per_group=32768, s_inodes_per_group=8192
recover_EXT2: s_blocksize=4096
recover_EXT2: s_blocks_count 25600000
recover_EXT2: part_size 204800000
Filesystem created: Tue Apr 27 16:26:40 2021
Last mount time:    Wed May 19 10:09:51 2021
     Linux filesys. data    114559104  319359103  204800000
     ext4 blocksize=4096 Large_file Sparse_SB Recover, 104 GB / 97 GiB

recover_EXT2: s_block_group_nr=0/781, s_mnt_count=8/4294967295, s_blocks_per_group=32768, s_inodes_per_group=8192
recover_EXT2: s_blocksize=4096
recover_EXT2: s_blocks_count 25600000
recover_EXT2: part_size 204800000
Filesystem created: Tue Apr 27 16:26:40 2021
Last mount time:    Wed May 19 10:09:51 2021
     Linux filesys. data    114559400  319359399  204800000
     ext4 blocksize=4096 Large_file Sparse_SB Recover, 104 GB / 97 GiB

recover_EXT2: s_block_group_nr=0/781, s_mnt_count=8/4294967295, s_blocks_per_group=32768, s_inodes_per_group=8192
recover_EXT2: s_blocksize=4096
recover_EXT2: s_blocks_count 25600000
recover_EXT2: part_size 204800000
Filesystem created: Tue Apr 27 16:26:40 2021
Last mount time:    Wed May 19 10:09:51 2021
     Linux filesys. data    114559488  319359487  204800000
     ext4 blocksize=4096 Large_file Sparse_SB Recover, 104 GB / 97 GiB

recover_EXT2: s_block_group_nr=0/781, s_mnt_count=8/4294967295, s_blocks_per_group=32768, s_inodes_per_group=8192
recover_EXT2: s_blocksize=4096
recover_EXT2: s_blocks_count 25600000
recover_EXT2: part_size 204800000
Filesystem created: Tue Apr 27 16:26:40 2021
Last mount time:    Wed May 19 10:09:51 2021
     Linux filesys. data    114559624  319359623  204800000
     ext4 blocksize=4096 Large_file Sparse_SB Recover, 104 GB / 97 GiB

recover_EXT2: s_block_group_nr=0/781, s_mnt_count=8/4294967295, s_blocks_per_group=32768, s_inodes_per_group=8192
recover_EXT2: s_blocksize=4096
recover_EXT2: s_blocks_count 25600000
recover_EXT2: part_size 204800000
Filesystem created: Tue Apr 27 16:26:40 2021
Last mount time:    Wed May 19 10:09:51 2021
     Linux filesys. data    114559784  319359783  204800000
     ext4 blocksize=4096 Large_file Sparse_SB Recover, 104 GB / 97 GiB

recover_EXT2: s_block_group_nr=0/781, s_mnt_count=8/4294967295, s_blocks_per_group=32768, s_inodes_per_group=8192
recover_EXT2: s_blocksize=4096
recover_EXT2: s_blocks_count 25600000
recover_EXT2: part_size 204800000
Filesystem created: Tue Apr 27 16:26:40 2021
Last mount time:    Wed May 19 10:09:51 2021
     Linux filesys. data    114560632  319360631  204800000
     ext4 blocksize=4096 Large_file Sparse_SB Recover, 104 GB / 97 GiB

recover_EXT2: s_block_group_nr=0/781, s_mnt_count=8/4294967295, s_blocks_per_group=32768, s_inodes_per_group=8192
recover_EXT2: s_blocksize=4096
recover_EXT2: s_blocks_count 25600000
recover_EXT2: part_size 204800000
Filesystem created: Tue Apr 27 16:26:40 2021
Last mount time:    Wed May 19 10:09:51 2021
     Linux filesys. data    114560680  319360679  204800000
     ext4 blocksize=4096 Large_file Sparse_SB Recover, 104 GB / 97 GiB

recover_EXT2: s_block_group_nr=0/781, s_mnt_count=8/4294967295, s_blocks_per_group=32768, s_inodes_per_group=8192
recover_EXT2: s_blocksize=4096
recover_EXT2: s_blocks_count 25600000
recover_EXT2: part_size 204800000
Filesystem created: Tue Apr 27 16:26:40 2021
Last mount time:    Wed May 19 10:09:51 2021
     Linux filesys. data    114560760  319360759  204800000
     ext4 blocksize=4096 Large_file Sparse_SB Recover, 104 GB / 97 GiB

recover_EXT2: s_block_group_nr=0/781, s_mnt_count=8/4294967295, s_blocks_per_group=32768, s_inodes_per_group=8192
recover_EXT2: s_blocksize=4096
recover_EXT2: s_blocks_count 25600000
recover_EXT2: part_size 204800000
Filesystem created: Tue Apr 27 16:26:40 2021
Last mount time:    Wed May 19 10:09:51 2021
     Linux filesys. data    114560904  319360903  204800000
     ext4 blocksize=4096 Large_file Sparse_SB Recover, 104 GB / 97 GiB

recover_EXT2: s_block_group_nr=0/781, s_mnt_count=8/4294967295, s_blocks_per_group=32768, s_inodes_per_group=8192
recover_EXT2: s_blocksize=4096
recover_EXT2: s_blocks_count 25600000
recover_EXT2: part_size 204800000
Filesystem created: Tue Apr 27 16:26:40 2021
Last mount time:    Wed May 19 10:09:51 2021
     Linux filesys. data    114561664  319361663  204800000
     ext4 blocksize=4096 Large_file Sparse_SB Recover, 104 GB / 97 GiB

recover_EXT2: s_block_group_nr=0/781, s_mnt_count=8/4294967295, s_blocks_per_group=32768, s_inodes_per_group=8192
recover_EXT2: s_blocksize=4096
recover_EXT2: s_blocks_count 25600000
recover_EXT2: part_size 204800000
Filesystem created: Tue Apr 27 16:26:40 2021
Last mount time:    Wed May 19 10:09:51 2021
     Linux filesys. data    114561792  319361791  204800000
     ext4 blocksize=4096 Large_file Sparse_SB Recover, 104 GB / 97 GiB

recover_EXT2: s_block_group_nr=0/781, s_mnt_count=8/4294967295, s_blocks_per_group=32768, s_inodes_per_group=8192
recover_EXT2: s_blocksize=4096
recover_EXT2: s_blocks_count 25600000
recover_EXT2: part_size 204800000
Filesystem created: Tue Apr 27 16:26:40 2021
Last mount time:    Wed May 19 10:09:51 2021
     Linux filesys. data    114561912  319361911  204800000
     ext4 blocksize=4096 Large_file Sparse_SB Recover, 104 GB / 97 GiB

recover_EXT2: s_block_group_nr=0/781, s_mnt_count=8/4294967295, s_blocks_per_group=32768, s_inodes_per_group=8192
recover_EXT2: s_blocksize=4096
recover_EXT2: s_blocks_count 25600000
recover_EXT2: part_size 204800000
Filesystem created: Tue Apr 27 16:26:40 2021
Last mount time:    Wed May 19 10:09:51 2021
     Linux filesys. data    114562120  319362119  204800000
     ext4 blocksize=4096 Large_file Sparse_SB Recover, 104 GB / 97 GiB

recover_EXT2: s_block_group_nr=0/781, s_mnt_count=8/4294967295, s_blocks_per_group=32768, s_inodes_per_group=8192
recover_EXT2: s_blocksize=4096
recover_EXT2: s_blocks_count 25600000
recover_EXT2: part_size 204800000
Filesystem created: Tue Apr 27 16:26:40 2021
Last mount time:    Wed May 19 10:09:51 2021
     Linux filesys. data    114562664  319362663  204800000
     ext4 blocksize=4096 Large_file Sparse_SB Recover, 104 GB / 97 GiB

recover_EXT2: s_block_group_nr=0/781, s_mnt_count=8/4294967295, s_blocks_per_group=32768, s_inodes_per_group=8192
recover_EXT2: s_blocksize=4096
recover_EXT2: s_blocks_count 25600000
recover_EXT2: part_size 204800000
Filesystem created: Tue Apr 27 16:26:40 2021
Last mount time:    Wed May 19 10:09:51 2021
     Linux filesys. data    114562968  319362967  204800000
     ext4 blocksize=4096 Large_file Sparse_SB Recover, 104 GB / 97 GiB

recover_EXT2: s_block_group_nr=0/781, s_mnt_count=8/4294967295, s_blocks_per_group=32768, s_inodes_per_group=8192
recover_EXT2: s_blocksize=4096
recover_EXT2: s_blocks_count 25600000
recover_EXT2: part_size 204800000
Filesystem created: Tue Apr 27 16:26:40 2021
Last mount time:    Wed May 19 10:09:51 2021
     Linux filesys. data    114563224  319363223  204800000
     ext4 blocksize=4096 Large_file Sparse_SB Recover, 104 GB / 97 GiB

recover_EXT2: s_block_group_nr=0/781, s_mnt_count=8/4294967295, s_blocks_per_group=32768, s_inodes_per_group=8192
recover_EXT2: s_blocksize=4096
recover_EXT2: s_blocks_count 25600000
recover_EXT2: part_size 204800000
Filesystem created: Tue Apr 27 16:26:40 2021
Last mount time:    Wed May 19 10:09:51 2021
     Linux filesys. data    114563480  319363479  204800000
     ext4 blocksize=4096 Large_file Sparse_SB Recover, 104 GB / 97 GiB

recover_EXT2: s_block_group_nr=0/781, s_mnt_count=8/4294967295, s_blocks_per_group=32768, s_inodes_per_group=8192
recover_EXT2: s_blocksize=4096
recover_EXT2: s_blocks_count 25600000
recover_EXT2: part_size 204800000
Filesystem created: Tue Apr 27 16:26:40 2021
Last mount time:    Wed May 19 10:09:51 2021
     Linux filesys. data    114563920  319363919  204800000
     ext4 blocksize=4096 Large_file Sparse_SB Recover, 104 GB / 97 GiB

recover_EXT2: s_block_group_nr=0/781, s_mnt_count=8/4294967295, s_blocks_per_group=32768, s_inodes_per_group=8192
recover_EXT2: s_blocksize=4096
recover_EXT2: s_blocks_count 25600000
recover_EXT2: part_size 204800000
Filesystem created: Tue Apr 27 16:26:40 2021
Last mount time:    Wed May 19 10:09:51 2021
     Linux filesys. data    114564168  319364167  204800000
     ext4 blocksize=4096 Large_file Sparse_SB Recover, 104 GB / 97 GiB

recover_EXT2: s_block_group_nr=0/781, s_mnt_count=8/4294967295, s_blocks_per_group=32768, s_inodes_per_group=8192
recover_EXT2: s_blocksize=4096
recover_EXT2: s_blocks_count 25600000
recover_EXT2: part_size 204800000
Filesystem created: Tue Apr 27 16:26:40 2021
Last mount time:    Wed May 19 10:09:51 2021
     Linux filesys. data    114564352  319364351  204800000
     ext4 blocksize=4096 Large_file Sparse_SB Recover, 104 GB / 97 GiB

recover_EXT2: s_block_group_nr=0/781, s_mnt_count=8/4294967295, s_blocks_per_group=32768, s_inodes_per_group=8192
recover_EXT2: s_blocksize=4096
recover_EXT2: s_blocks_count 25600000
recover_EXT2: part_size 204800000
Filesystem created: Tue Apr 27 16:26:40 2021
Last mount time:    Wed May 19 10:09:51 2021
     Linux filesys. data    114564576  319364575  204800000
     ext4 blocksize=4096 Large_file Sparse_SB Recover, 104 GB / 97 GiB

recover_EXT2: s_block_group_nr=0/781, s_mnt_count=8/4294967295, s_blocks_per_group=32768, s_inodes_per_group=8192
recover_EXT2: s_blocksize=4096
recover_EXT2: s_blocks_count 25600000
recover_EXT2: part_size 204800000
Filesystem created: Tue Apr 27 16:26:40 2021
Last mount time:    Wed May 19 10:09:51 2021
     Linux filesys. data    114564728  319364727  204800000
     ext4 blocksize=4096 Large_file Sparse_SB Recover, 104 GB / 97 GiB

recover_EXT2: s_block_group_nr=0/781, s_mnt_count=8/4294967295, s_blocks_per_group=32768, s_inodes_per_group=8192
recover_EXT2: s_blocksize=4096
recover_EXT2: s_blocks_count 25600000
recover_EXT2: part_size 204800000
Filesystem created: Tue Apr 27 16:26:40 2021
Last mount time:    Wed May 19 10:09:51 2021
     Linux filesys. data    114564880  319364879  204800000
     ext4 blocksize=4096 Large_file Sparse_SB Recover, 104 GB / 97 GiB

recover_EXT2: s_block_group_nr=0/781, s_mnt_count=8/4294967295, s_blocks_per_group=32768, s_inodes_per_group=8192
recover_EXT2: s_blocksize=4096
recover_EXT2: s_blocks_count 25600000
recover_EXT2: part_size 204800000
Filesystem created: Tue Apr 27 16:26:40 2021
Last mount time:    Wed May 19 10:09:51 2021
     Linux filesys. data    114565000  319364999  204800000
     ext4 blocksize=4096 Large_file Sparse_SB Recover, 104 GB / 97 GiB

recover_EXT2: s_block_group_nr=0/781, s_mnt_count=8/4294967295, s_blocks_per_group=32768, s_inodes_per_group=8192
recover_EXT2: s_blocksize=4096
recover_EXT2: s_blocks_count 25600000
recover_EXT2: part_size 204800000
Filesystem created: Tue Apr 27 16:26:40 2021
Last mount time:    Wed May 19 10:09:51 2021
     Linux filesys. data    114565272  319365271  204800000
     ext4 blocksize=4096 Large_file Sparse_SB Recover, 104 GB / 97 GiB

recover_EXT2: s_block_group_nr=0/781, s_mnt_count=8/4294967295, s_blocks_per_group=32768, s_inodes_per_group=8192
recover_EXT2: s_blocksize=4096
recover_EXT2: s_blocks_count 25600000
recover_EXT2: part_size 204800000
Filesystem created: Tue Apr 27 16:26:40 2021
Last mount time:    Wed May 19 10:09:51 2021
     Linux filesys. data    114565432  319365431  204800000
     ext4 blocksize=4096 Large_file Sparse_SB Recover, 104 GB / 97 GiB

recover_EXT2: s_block_group_nr=0/781, s_mnt_count=8/4294967295, s_blocks_per_group=32768, s_inodes_per_group=8192
recover_EXT2: s_blocksize=4096
recover_EXT2: s_blocks_count 25600000
recover_EXT2: part_size 204800000
Filesystem created: Tue Apr 27 16:26:40 2021
Last mount time:    Wed May 19 10:09:51 2021
     Linux filesys. data    114565680  319365679  204800000
     ext4 blocksize=4096 Large_file Sparse_SB Recover, 104 GB / 97 GiB

recover_EXT2: s_block_group_nr=0/781, s_mnt_count=8/4294967295, s_blocks_per_group=32768, s_inodes_per_group=8192
recover_EXT2: s_blocksize=4096
recover_EXT2: s_blocks_count 25600000
recover_EXT2: part_size 204800000
Filesystem created: Tue Apr 27 16:26:40 2021
Last mount time:    Wed May 19 10:09:51 2021
     Linux filesys. data    114565944  319365943  204800000
     ext4 blocksize=4096 Large_file Sparse_SB Recover, 104 GB / 97 GiB

recover_EXT2: s_block_group_nr=0/781, s_mnt_count=8/4294967295, s_blocks_per_group=32768, s_inodes_per_group=8192
recover_EXT2: s_blocksize=4096
recover_EXT2: s_blocks_count 25600000
recover_EXT2: part_size 204800000
Filesystem created: Tue Apr 27 16:26:40 2021
Last mount time:    Wed May 19 10:09:51 2021
     Linux filesys. data    114566072  319366071  204800000
     ext4 blocksize=4096 Large_file Sparse_SB Recover, 104 GB / 97 GiB

recover_EXT2: s_block_group_nr=0/781, s_mnt_count=8/4294967295, s_blocks_per_group=32768, s_inodes_per_group=8192
recover_EXT2: s_blocksize=4096
recover_EXT2: s_blocks_count 25600000
recover_EXT2: part_size 204800000
Filesystem created: Tue Apr 27 16:26:40 2021
Last mount time:    Wed May 19 10:09:51 2021
     Linux filesys. data    114566160  319366159  204800000
     ext4 blocksize=4096 Large_file Sparse_SB Recover, 104 GB / 97 GiB

recover_EXT2: s_block_group_nr=0/781, s_mnt_count=8/4294967295, s_blocks_per_group=32768, s_inodes_per_group=8192
recover_EXT2: s_blocksize=4096
recover_EXT2: s_blocks_count 25600000
recover_EXT2: part_size 204800000
Filesystem created: Tue Apr 27 16:26:40 2021
Last mount time:    Wed May 19 10:09:51 2021
     Linux filesys. data    114566384  319366383  204800000
     ext4 blocksize=4096 Large_file Sparse_SB Recover, 104 GB / 97 GiB

recover_EXT2: s_block_group_nr=0/781, s_mnt_count=8/4294967295, s_blocks_per_group=32768, s_inodes_per_group=8192
recover_EXT2: s_blocksize=4096
recover_EXT2: s_blocks_count 25600000
recover_EXT2: part_size 204800000
Filesystem created: Tue Apr 27 16:26:40 2021
Last mount time:    Wed May 19 10:09:51 2021
     Linux filesys. data    114566440  319366439  204800000
     ext4 blocksize=4096 Large_file Sparse_SB Recover, 104 GB / 97 GiB

recover_EXT2: s_block_group_nr=0/781, s_mnt_count=8/4294967295, s_blocks_per_group=32768, s_inodes_per_group=8192
recover_EXT2: s_blocksize=4096
recover_EXT2: s_blocks_count 25600000
recover_EXT2: part_size 204800000
Filesystem created: Tue Apr 27 16:26:40 2021
Last mount time:    Wed May 19 10:09:51 2021
     Linux filesys. data    114566768  319366767  204800000
     ext4 blocksize=4096 Large_file Sparse_SB Recover, 104 GB / 97 GiB

recover_EXT2: s_block_group_nr=0/781, s_mnt_count=8/4294967295, s_blocks_per_group=32768, s_inodes_per_group=8192
recover_EXT2: s_blocksize=4096
recover_EXT2: s_blocks_count 25600000
recover_EXT2: part_size 204800000
Filesystem created: Tue Apr 27 16:26:40 2021
Last mount time:    Wed May 19 10:09:51 2021
     Linux filesys. data    114566848  319366847  204800000
     ext4 blocksize=4096 Large_file Sparse_SB Recover, 104 GB / 97 GiB

recover_EXT2: s_block_group_nr=0/781, s_mnt_count=8/4294967295, s_blocks_per_group=32768, s_inodes_per_group=8192
recover_EXT2: s_blocksize=4096
recover_EXT2: s_blocks_count 25600000
recover_EXT2: part_size 204800000
Filesystem created: Tue Apr 27 16:26:40 2021
Last mount time:    Wed May 19 10:09:51 2021
     Linux filesys. data    114567528  319367527  204800000
     ext4 blocksize=4096 Large_file Sparse_SB Recover, 104 GB / 97 GiB

recover_EXT2: s_block_group_nr=0/781, s_mnt_count=8/4294967295, s_blocks_per_group=32768, s_inodes_per_group=8192
recover_EXT2: s_blocksize=4096
recover_EXT2: s_blocks_count 25600000
recover_EXT2: part_size 204800000
Filesystem created: Tue Apr 27 16:26:40 2021
Last mount time:    Wed May 19 10:09:51 2021
     Linux filesys. data    114569184  319369183  204800000
     ext4 blocksize=4096 Large_file Sparse_SB Recover, 104 GB / 97 GiB

recover_EXT2: s_block_group_nr=0/781, s_mnt_count=8/4294967295, s_blocks_per_group=32768, s_inodes_per_group=8192
recover_EXT2: s_blocksize=4096
recover_EXT2: s_blocks_count 25600000
recover_EXT2: part_size 204800000
Filesystem created: Tue Apr 27 16:26:40 2021
Last mount time:    Wed May 19 10:09:51 2021
     Linux filesys. data    114569568  319369567  204800000
     ext4 blocksize=4096 Large_file Sparse_SB Recover, 104 GB / 97 GiB

recover_EXT2: s_block_group_nr=0/781, s_mnt_count=8/4294967295, s_blocks_per_group=32768, s_inodes_per_group=8192
recover_EXT2: s_blocksize=4096
recover_EXT2: s_blocks_count 25600000
recover_EXT2: part_size 204800000
Filesystem created: Tue Apr 27 16:26:40 2021
Last mount time:    Wed May 19 10:09:51 2021
     Linux filesys. data    114569680  319369679  204800000
     ext4 blocksize=4096 Large_file Sparse_SB Recover, 104 GB / 97 GiB

recover_EXT2: s_block_group_nr=0/781, s_mnt_count=8/4294967295, s_blocks_per_group=32768, s_inodes_per_group=8192
recover_EXT2: s_blocksize=4096
recover_EXT2: s_blocks_count 25600000
recover_EXT2: part_size 204800000
Filesystem created: Tue Apr 27 16:26:40 2021
Last mount time:    Wed May 19 10:09:51 2021
     Linux filesys. data    114569792  319369791  204800000
     ext4 blocksize=4096 Large_file Sparse_SB Recover, 104 GB / 97 GiB

recover_EXT2: s_block_group_nr=0/781, s_mnt_count=8/4294967295, s_blocks_per_group=32768, s_inodes_per_group=8192
recover_EXT2: s_blocksize=4096
recover_EXT2: s_blocks_count 25600000
recover_EXT2: part_size 204800000
Filesystem created: Tue Apr 27 16:26:40 2021
Last mount time:    Wed May 19 10:09:51 2021
     Linux filesys. data    114570104  319370103  204800000
     ext4 blocksize=4096 Large_file Sparse_SB Recover, 104 GB / 97 GiB

recover_EXT2: s_block_group_nr=0/781, s_mnt_count=8/4294967295, s_blocks_per_group=32768, s_inodes_per_group=8192
recover_EXT2: s_blocksize=4096
recover_EXT2: s_blocks_count 25600000
recover_EXT2: part_size 204800000
Filesystem created: Tue Apr 27 16:26:40 2021
Last mount time:    Wed May 19 10:09:51 2021
     Linux filesys. data    114570360  319370359  204800000
     ext4 blocksize=4096 Large_file Sparse_SB Recover, 104 GB / 97 GiB

recover_EXT2: s_block_group_nr=0/781, s_mnt_count=8/4294967295, s_blocks_per_group=32768, s_inodes_per_group=8192
recover_EXT2: s_blocksize=4096
recover_EXT2: s_blocks_count 25600000
recover_EXT2: part_size 204800000
Filesystem created: Tue Apr 27 16:26:40 2021
Last mount time:    Wed May 19 10:09:51 2021
     Linux filesys. data    114570488  319370487  204800000
     ext4 blocksize=4096 Large_file Sparse_SB Recover, 104 GB / 97 GiB

recover_EXT2: s_block_group_nr=0/781, s_mnt_count=8/4294967295, s_blocks_per_group=32768, s_inodes_per_group=8192
recover_EXT2: s_blocksize=4096
recover_EXT2: s_blocks_count 25600000
recover_EXT2: part_size 204800000
Filesystem created: Tue Apr 27 16:26:40 2021
Last mount time:    Wed May 19 10:09:51 2021
     Linux filesys. data    114570728  319370727  204800000
     ext4 blocksize=4096 Large_file Sparse_SB Recover, 104 GB / 97 GiB

recover_EXT2: s_block_group_nr=0/781, s_mnt_count=8/4294967295, s_blocks_per_group=32768, s_inodes_per_group=8192
recover_EXT2: s_blocksize=4096
recover_EXT2: s_blocks_count 25600000
recover_EXT2: part_size 204800000
Filesystem created: Tue Apr 27 16:26:40 2021
Last mount time:    Wed May 19 10:09:51 2021
     Linux filesys. data    114570864  319370863  204800000
     ext4 blocksize=4096 Large_file Sparse_SB Recover, 104 GB / 97 GiB

recover_EXT2: s_block_group_nr=0/781, s_mnt_count=8/4294967295, s_blocks_per_group=32768, s_inodes_per_group=8192
recover_EXT2: s_blocksize=4096
recover_EXT2: s_blocks_count 25600000
recover_EXT2: part_size 204800000
Filesystem created: Tue Apr 27 16:26:40 2021
Last mount time:    Wed May 19 10:09:51 2021
     Linux filesys. data    114570976  319370975  204800000
     ext4 blocksize=4096 Large_file Sparse_SB Recover, 104 GB / 97 GiB

recover_EXT2: s_block_group_nr=0/781, s_mnt_count=8/4294967295, s_blocks_per_group=32768, s_inodes_per_group=8192
recover_EXT2: s_blocksize=4096
recover_EXT2: s_blocks_count 25600000
recover_EXT2: part_size 204800000
Filesystem created: Tue Apr 27 16:26:40 2021
Last mount time:    Wed May 19 10:09:51 2021
     Linux filesys. data    114571184  319371183  204800000
     ext4 blocksize=4096 Large_file Sparse_SB Recover, 104 GB / 97 GiB

recover_EXT2: s_block_group_nr=0/781, s_mnt_count=8/4294967295, s_blocks_per_group=32768, s_inodes_per_group=8192
recover_EXT2: s_blocksize=4096
recover_EXT2: s_blocks_count 25600000
recover_EXT2: part_size 204800000
Filesystem created: Tue Apr 27 16:26:40 2021
Last mount time:    Wed May 19 10:09:51 2021
     Linux filesys. data    114571288  319371287  204800000
     ext4 blocksize=4096 Large_file Sparse_SB Recover, 104 GB / 97 GiB

recover_EXT2: s_block_group_nr=0/781, s_mnt_count=8/4294967295, s_blocks_per_group=32768, s_inodes_per_group=8192
recover_EXT2: s_blocksize=4096
recover_EXT2: s_blocks_count 25600000
recover_EXT2: part_size 204800000
Filesystem created: Tue Apr 27 16:26:40 2021
Last mount time:    Wed May 19 10:09:51 2021
     Linux filesys. data    114571400  319371399  204800000
     ext4 blocksize=4096 Large_file Sparse_SB Recover, 104 GB / 97 GiB

recover_EXT2: s_block_group_nr=0/781, s_mnt_count=8/4294967295, s_blocks_per_group=32768, s_inodes_per_group=8192
recover_EXT2: s_blocksize=4096
recover_EXT2: s_blocks_count 25600000
recover_EXT2: part_size 204800000
Filesystem created: Tue Apr 27 16:26:40 2021
Last mount time:    Wed May 19 10:09:51 2021
     Linux filesys. data    114571624  319371623  204800000
     ext4 blocksize=4096 Large_file Sparse_SB Recover, 104 GB / 97 GiB

recover_EXT2: s_block_group_nr=0/781, s_mnt_count=8/4294967295, s_blocks_per_group=32768, s_inodes_per_group=8192
recover_EXT2: s_blocksize=4096
recover_EXT2: s_blocks_count 25600000
recover_EXT2: part_size 204800000
Filesystem created: Tue Apr 27 16:26:40 2021
Last mount time:    Wed May 19 10:09:51 2021
     Linux filesys. data    114571824  319371823  204800000
     ext4 blocksize=4096 Large_file Sparse_SB Recover, 104 GB / 97 GiB

recover_EXT2: s_block_group_nr=0/781, s_mnt_count=8/4294967295, s_blocks_per_group=32768, s_inodes_per_group=8192
recover_EXT2: s_blocksize=4096
recover_EXT2: s_blocks_count 25600000
recover_EXT2: part_size 204800000
Filesystem created: Tue Apr 27 16:26:40 2021
Last mount time:    Wed May 19 10:09:51 2021
     Linux filesys. data    114572048  319372047  204800000
     ext4 blocksize=4096 Large_file Sparse_SB Recover, 104 GB / 97 GiB

recover_EXT2: s_block_group_nr=0/781, s_mnt_count=8/4294967295, s_blocks_per_group=32768, s_inodes_per_group=8192
recover_EXT2: s_blocksize=4096
recover_EXT2: s_blocks_count 25600000
recover_EXT2: part_size 204800000
Filesystem created: Tue Apr 27 16:26:40 2021
Last mount time:    Wed May 19 10:09:51 2021
     Linux filesys. data    114572192  319372191  204800000
     ext4 blocksize=4096 Large_file Sparse_SB Recover, 104 GB / 97 GiB

recover_EXT2: s_block_group_nr=0/781, s_mnt_count=8/4294967295, s_blocks_per_group=32768, s_inodes_per_group=8192
recover_EXT2: s_blocksize=4096
recover_EXT2: s_blocks_count 25600000
recover_EXT2: part_size 204800000
Filesystem created: Tue Apr 27 16:26:40 2021
Last mount time:    Wed May 19 10:09:51 2021
     Linux filesys. data    114572328  319372327  204800000
     ext4 blocksize=4096 Large_file Sparse_SB Recover, 104 GB / 97 GiB

recover_EXT2: s_block_group_nr=0/781, s_mnt_count=8/4294967295, s_blocks_per_group=32768, s_inodes_per_group=8192
recover_EXT2: s_blocksize=4096
recover_EXT2: s_blocks_count 25600000
recover_EXT2: part_size 204800000
Filesystem created: Tue Apr 27 16:26:40 2021
Last mount time:    Wed May 19 10:09:51 2021
     Linux filesys. data    114572448  319372447  204800000
     ext4 blocksize=4096 Large_file Sparse_SB Recover, 104 GB / 97 GiB

recover_EXT2: s_block_group_nr=0/781, s_mnt_count=8/4294967295, s_blocks_per_group=32768, s_inodes_per_group=8192
recover_EXT2: s_blocksize=4096
recover_EXT2: s_blocks_count 25600000
recover_EXT2: part_size 204800000
Filesystem created: Tue Apr 27 16:26:40 2021
Last mount time:    Wed May 19 10:09:51 2021
     Linux filesys. data    114572600  319372599  204800000
     ext4 blocksize=4096 Large_file Sparse_SB Recover, 104 GB / 97 GiB

recover_EXT2: s_block_group_nr=0/781, s_mnt_count=8/4294967295, s_blocks_per_group=32768, s_inodes_per_group=8192
recover_EXT2: s_blocksize=4096
recover_EXT2: s_blocks_count 25600000
recover_EXT2: part_size 204800000
Filesystem created: Tue Apr 27 16:26:40 2021
Last mount time:    Wed May 19 10:09:51 2021
     Linux filesys. data    114572712  319372711  204800000
     ext4 blocksize=4096 Large_file Sparse_SB Recover, 104 GB / 97 GiB

recover_EXT2: s_block_group_nr=0/781, s_mnt_count=8/4294967295, s_blocks_per_group=32768, s_inodes_per_group=8192
recover_EXT2: s_blocksize=4096
recover_EXT2: s_blocks_count 25600000
recover_EXT2: part_size 204800000
Filesystem created: Tue Apr 27 16:26:40 2021
Last mount time:    Wed May 19 10:09:51 2021
     Linux filesys. data    114572808  319372807  204800000
     ext4 blocksize=4096 Large_file Sparse_SB Recover, 104 GB / 97 GiB

recover_EXT2: s_block_group_nr=0/781, s_mnt_count=8/4294967295, s_blocks_per_group=32768, s_inodes_per_group=8192
recover_EXT2: s_blocksize=4096
recover_EXT2: s_blocks_count 25600000
recover_EXT2: part_size 204800000
Filesystem created: Tue Apr 27 16:26:40 2021
Last mount time:    Wed May 19 10:09:51 2021
     Linux filesys. data    114572920  319372919  204800000
     ext4 blocksize=4096 Large_file Sparse_SB Recover, 104 GB / 97 GiB

recover_EXT2: s_block_group_nr=0/781, s_mnt_count=8/4294967295, s_blocks_per_group=32768, s_inodes_per_group=8192
recover_EXT2: s_blocksize=4096
recover_EXT2: s_blocks_count 25600000
recover_EXT2: part_size 204800000
Filesystem created: Tue Apr 27 16:26:40 2021
Last mount time:    Wed May 19 10:09:51 2021
     Linux filesys. data    114573040  319373039  204800000
     ext4 blocksize=4096 Large_file Sparse_SB Recover, 104 GB / 97 GiB

recover_EXT2: s_block_group_nr=0/781, s_mnt_count=8/4294967295, s_blocks_per_group=32768, s_inodes_per_group=8192
recover_EXT2: s_blocksize=4096
recover_EXT2: s_blocks_count 25600000
recover_EXT2: part_size 204800000
Filesystem created: Tue Apr 27 16:26:40 2021
Last mount time:    Wed May 19 10:09:51 2021
     Linux filesys. data    114573208  319373207  204800000
     ext4 blocksize=4096 Large_file Sparse_SB Recover, 104 GB / 97 GiB

recover_EXT2: s_block_group_nr=0/781, s_mnt_count=8/4294967295, s_blocks_per_group=32768, s_inodes_per_group=8192
recover_EXT2: s_blocksize=4096
recover_EXT2: s_blocks_count 25600000
recover_EXT2: part_size 204800000
Filesystem created: Tue Apr 27 16:26:40 2021
Last mount time:    Wed May 19 10:09:51 2021
     Linux filesys. data    114573320  319373319  204800000
     ext4 blocksize=4096 Large_file Sparse_SB Recover, 104 GB / 97 GiB

recover_EXT2: s_block_group_nr=0/781, s_mnt_count=8/4294967295, s_blocks_per_group=32768, s_inodes_per_group=8192
recover_EXT2: s_blocksize=4096
recover_EXT2: s_blocks_count 25600000
recover_EXT2: part_size 204800000
Filesystem created: Tue Apr 27 16:26:40 2021
Last mount time:    Wed May 19 10:09:51 2021
     Linux filesys. data    114573416  319373415  204800000
     ext4 blocksize=4096 Large_file Sparse_SB Recover, 104 GB / 97 GiB

recover_EXT2: s_block_group_nr=0/781, s_mnt_count=8/4294967295, s_blocks_per_group=32768, s_inodes_per_group=8192
recover_EXT2: s_blocksize=4096
recover_EXT2: s_blocks_count 25600000
recover_EXT2: part_size 204800000
Filesystem created: Tue Apr 27 16:26:40 2021
Last mount time:    Wed May 19 10:09:51 2021
     Linux filesys. data    114573496  319373495  204800000
     ext4 blocksize=4096 Large_file Sparse_SB Recover, 104 GB / 97 GiB

recover_EXT2: s_block_group_nr=0/781, s_mnt_count=8/4294967295, s_blocks_per_group=32768, s_inodes_per_group=8192
recover_EXT2: s_blocksize=4096
recover_EXT2: s_blocks_count 25600000
recover_EXT2: part_size 204800000
Filesystem created: Tue Apr 27 16:26:40 2021
Last mount time:    Wed May 19 10:09:51 2021
     Linux filesys. data    114573640  319373639  204800000
     ext4 blocksize=4096 Large_file Sparse_SB Recover, 104 GB / 97 GiB

recover_EXT2: s_block_group_nr=0/781, s_mnt_count=8/4294967295, s_blocks_per_group=32768, s_inodes_per_group=8192
recover_EXT2: s_blocksize=4096
recover_EXT2: s_blocks_count 25600000
recover_EXT2: part_size 204800000
Filesystem created: Tue Apr 27 16:26:40 2021
Last mount time:    Wed May 19 10:09:51 2021
     Linux filesys. data    114573744  319373743  204800000
     ext4 blocksize=4096 Large_file Sparse_SB Recover, 104 GB / 97 GiB

recover_EXT2: s_block_group_nr=0/781, s_mnt_count=8/4294967295, s_blocks_per_group=32768, s_inodes_per_group=8192
recover_EXT2: s_blocksize=4096
recover_EXT2: s_blocks_count 25600000
recover_EXT2: part_size 204800000
Filesystem created: Tue Apr 27 16:26:40 2021
Last mount time:    Wed May 19 10:09:51 2021
     Linux filesys. data    114573904  319373903  204800000
     ext4 blocksize=4096 Large_file Sparse_SB Recover, 104 GB / 97 GiB

recover_EXT2: s_block_group_nr=0/781, s_mnt_count=8/4294967295, s_blocks_per_group=32768, s_inodes_per_group=8192
recover_EXT2: s_blocksize=4096
recover_EXT2: s_blocks_count 25600000
recover_EXT2: part_size 204800000
Filesystem created: Tue Apr 27 16:26:40 2021
Last mount time:    Wed May 19 10:09:51 2021
     Linux filesys. data    114574056  319374055  204800000
     ext4 blocksize=4096 Large_file Sparse_SB Recover, 104 GB / 97 GiB

recover_EXT2: s_block_group_nr=0/781, s_mnt_count=8/4294967295, s_blocks_per_group=32768, s_inodes_per_group=8192
recover_EXT2: s_blocksize=4096
recover_EXT2: s_blocks_count 25600000
recover_EXT2: part_size 204800000
Filesystem created: Tue Apr 27 16:26:40 2021
Last mount time:    Wed May 19 10:09:51 2021
     Linux filesys. data    114574384  319374383  204800000
     ext4 blocksize=4096 Large_file Sparse_SB Recover, 104 GB / 97 GiB

recover_EXT2: s_block_group_nr=0/781, s_mnt_count=8/4294967295, s_blocks_per_group=32768, s_inodes_per_group=8192
recover_EXT2: s_blocksize=4096
recover_EXT2: s_blocks_count 25600000
recover_EXT2: part_size 204800000
Filesystem created: Tue Apr 27 16:26:40 2021
Last mount time:    Wed May 19 10:09:51 2021
     Linux filesys. data    114574856  319374855  204800000
     ext4 blocksize=4096 Large_file Sparse_SB Recover, 104 GB / 97 GiB

recover_EXT2: s_block_group_nr=0/781, s_mnt_count=8/4294967295, s_blocks_per_group=32768, s_inodes_per_group=8192
recover_EXT2: s_blocksize=4096
recover_EXT2: s_blocks_count 25600000
recover_EXT2: part_size 204800000
Filesystem created: Tue Apr 27 16:26:40 2021
Last mount time:    Wed May 19 10:09:51 2021
     Linux filesys. data    114575408  319375407  204800000
     ext4 blocksize=4096 Large_file Sparse_SB Recover, 104 GB / 97 GiB

recover_EXT2: s_block_group_nr=0/781, s_mnt_count=8/4294967295, s_blocks_per_group=32768, s_inodes_per_group=8192
recover_EXT2: s_blocksize=4096
recover_EXT2: s_blocks_count 25600000
recover_EXT2: part_size 204800000
Filesystem created: Tue Apr 27 16:26:40 2021
Last mount time:    Wed May 19 10:09:51 2021
     Linux filesys. data    114575552  319375551  204800000
     ext4 blocksize=4096 Large_file Sparse_SB Recover, 104 GB / 97 GiB

recover_EXT2: s_block_group_nr=0/781, s_mnt_count=8/4294967295, s_blocks_per_group=32768, s_inodes_per_group=8192
recover_EXT2: s_blocksize=4096
recover_EXT2: s_blocks_count 25600000
recover_EXT2: part_size 204800000
Filesystem created: Tue Apr 27 16:26:40 2021
Last mount time:    Wed May 19 10:09:51 2021
     Linux filesys. data    114575904  319375903  204800000
     ext4 blocksize=4096 Large_file Sparse_SB Recover, 104 GB / 97 GiB

recover_EXT2: s_block_group_nr=0/781, s_mnt_count=8/4294967295, s_blocks_per_group=32768, s_inodes_per_group=8192
recover_EXT2: s_blocksize=4096
recover_EXT2: s_blocks_count 25600000
recover_EXT2: part_size 204800000
Filesystem created: Tue Apr 27 16:26:40 2021
Last mount time:    Wed May 19 10:09:51 2021
     Linux filesys. data    114576384  319376383  204800000
     ext4 blocksize=4096 Large_file Sparse_SB Recover, 104 GB / 97 GiB

recover_EXT2: s_block_group_nr=0/781, s_mnt_count=8/4294967295, s_blocks_per_group=32768, s_inodes_per_group=8192
recover_EXT2: s_blocksize=4096
recover_EXT2: s_blocks_count 25600000
recover_EXT2: part_size 204800000
Filesystem created: Tue Apr 27 16:26:40 2021
Last mount time:    Wed May 19 10:09:51 2021
     Linux filesys. data    114576512  319376511  204800000
     ext4 blocksize=4096 Large_file Sparse_SB Recover, 104 GB / 97 GiB

recover_EXT2: s_block_group_nr=0/781, s_mnt_count=8/4294967295, s_blocks_per_group=32768, s_inodes_per_group=8192
recover_EXT2: s_blocksize=4096
recover_EXT2: s_blocks_count 25600000
recover_EXT2: part_size 204800000
Filesystem created: Tue Apr 27 16:26:40 2021
Last mount time:    Wed May 19 10:09:51 2021
     Linux filesys. data    114576648  319376647  204800000
     ext4 blocksize=4096 Large_file Sparse_SB Recover, 104 GB / 97 GiB

recover_EXT2: s_block_group_nr=0/781, s_mnt_count=8/4294967295, s_blocks_per_group=32768, s_inodes_per_group=8192
recover_EXT2: s_blocksize=4096
recover_EXT2: s_blocks_count 25600000
recover_EXT2: part_size 204800000
Filesystem created: Tue Apr 27 16:26:40 2021
Last mount time:    Wed May 19 10:09:51 2021
     Linux filesys. data    114576680  319376679  204800000
     ext4 blocksize=4096 Large_file Sparse_SB Recover, 104 GB / 97 GiB

recover_EXT2: s_block_group_nr=0/781, s_mnt_count=8/4294967295, s_blocks_per_group=32768, s_inodes_per_group=8192
recover_EXT2: s_blocksize=4096
recover_EXT2: s_blocks_count 25600000
recover_EXT2: part_size 204800000
Filesystem created: Tue Apr 27 16:26:40 2021
Last mount time:    Wed May 19 10:09:51 2021
     Linux filesys. data    114576904  319376903  204800000
     ext4 blocksize=4096 Large_file Sparse_SB Recover, 104 GB / 97 GiB

recover_EXT2: s_block_group_nr=0/781, s_mnt_count=8/4294967295, s_blocks_per_group=32768, s_inodes_per_group=8192
recover_EXT2: s_blocksize=4096
recover_EXT2: s_blocks_count 25600000
recover_EXT2: part_size 204800000
Filesystem created: Tue Apr 27 16:26:40 2021
Last mount time:    Wed May 19 10:09:51 2021
     Linux filesys. data    114577024  319377023  204800000
     ext4 blocksize=4096 Large_file Sparse_SB Recover, 104 GB / 97 GiB

recover_EXT2: s_block_group_nr=0/781, s_mnt_count=8/4294967295, s_blocks_per_group=32768, s_inodes_per_group=8192
recover_EXT2: s_blocksize=4096
recover_EXT2: s_blocks_count 25600000
recover_EXT2: part_size 204800000
Filesystem created: Tue Apr 27 16:26:40 2021
Last mount time:    Wed May 19 10:09:51 2021
     Linux filesys. data    114577216  319377215  204800000
     ext4 blocksize=4096 Large_file Sparse_SB Recover, 104 GB / 97 GiB

recover_EXT2: s_block_group_nr=0/781, s_mnt_count=8/4294967295, s_blocks_per_group=32768, s_inodes_per_group=8192
recover_EXT2: s_blocksize=4096
recover_EXT2: s_blocks_count 25600000
recover_EXT2: part_size 204800000
Filesystem created: Tue Apr 27 16:26:40 2021
Last mount time:    Wed May 19 10:09:51 2021
     Linux filesys. data    114577352  319377351  204800000
     ext4 blocksize=4096 Large_file Sparse_SB Recover, 104 GB / 97 GiB

recover_EXT2: s_block_group_nr=0/781, s_mnt_count=8/4294967295, s_blocks_per_group=32768, s_inodes_per_group=8192
recover_EXT2: s_blocksize=4096
recover_EXT2: s_blocks_count 25600000
recover_EXT2: part_size 204800000
Filesystem created: Tue Apr 27 16:26:40 2021
Last mount time:    Wed May 19 10:09:51 2021
     Linux filesys. data    114577456  319377455  204800000
     ext4 blocksize=4096 Large_file Sparse_SB Recover, 104 GB / 97 GiB

recover_EXT2: s_block_group_nr=0/781, s_mnt_count=8/4294967295, s_blocks_per_group=32768, s_inodes_per_group=8192
recover_EXT2: s_blocksize=4096
recover_EXT2: s_blocks_count 25600000
recover_EXT2: part_size 204800000
Filesystem created: Tue Apr 27 16:26:40 2021
Last mount time:    Wed May 19 10:09:51 2021
     Linux filesys. data    114577632  319377631  204800000
     ext4 blocksize=4096 Large_file Sparse_SB Recover, 104 GB / 97 GiB

recover_EXT2: s_block_group_nr=0/781, s_mnt_count=8/4294967295, s_blocks_per_group=32768, s_inodes_per_group=8192
recover_EXT2: s_blocksize=4096
recover_EXT2: s_blocks_count 25600000
recover_EXT2: part_size 204800000
Filesystem created: Tue Apr 27 16:26:40 2021
Last mount time:    Wed May 19 10:09:51 2021
     Linux filesys. data    114577696  319377695  204800000
     ext4 blocksize=4096 Large_file Sparse_SB Recover, 104 GB / 97 GiB

recover_EXT2: s_block_group_nr=0/781, s_mnt_count=8/4294967295, s_blocks_per_group=32768, s_inodes_per_group=8192
recover_EXT2: s_blocksize=4096
recover_EXT2: s_blocks_count 25600000
recover_EXT2: part_size 204800000
Filesystem created: Tue Apr 27 16:26:40 2021
Last mount time:    Wed May 19 10:09:51 2021
     Linux filesys. data    114577840  319377839  204800000
     ext4 blocksize=4096 Large_file Sparse_SB Recover, 104 GB / 97 GiB

recover_EXT2: s_block_group_nr=0/781, s_mnt_count=8/4294967295, s_blocks_per_group=32768, s_inodes_per_group=8192
recover_EXT2: s_blocksize=4096
recover_EXT2: s_blocks_count 25600000
recover_EXT2: part_size 204800000
Filesystem created: Tue Apr 27 16:26:40 2021
Last mount time:    Wed May 19 10:09:51 2021
     Linux filesys. data    114578016  319378015  204800000
     ext4 blocksize=4096 Large_file Sparse_SB Recover, 104 GB / 97 GiB

recover_EXT2: s_block_group_nr=0/781, s_mnt_count=8/4294967295, s_blocks_per_group=32768, s_inodes_per_group=8192
recover_EXT2: s_blocksize=4096
recover_EXT2: s_blocks_count 25600000
recover_EXT2: part_size 204800000
Filesystem created: Tue Apr 27 16:26:40 2021
Last mount time:    Wed May 19 10:09:51 2021
     Linux filesys. data    114578208  319378207  204800000
     ext4 blocksize=4096 Large_file Sparse_SB Recover, 104 GB / 97 GiB

recover_EXT2: s_block_group_nr=0/781, s_mnt_count=8/4294967295, s_blocks_per_group=32768, s_inodes_per_group=8192
recover_EXT2: s_blocksize=4096
recover_EXT2: s_blocks_count 25600000
recover_EXT2: part_size 204800000
Filesystem created: Tue Apr 27 16:26:40 2021
Last mount time:    Wed May 19 10:09:51 2021
     Linux filesys. data    114578376  319378375  204800000
     ext4 blocksize=4096 Large_file Sparse_SB Recover, 104 GB / 97 GiB

recover_EXT2: s_block_group_nr=0/781, s_mnt_count=8/4294967295, s_blocks_per_group=32768, s_inodes_per_group=8192
recover_EXT2: s_blocksize=4096
recover_EXT2: s_blocks_count 25600000
recover_EXT2: part_size 204800000
Filesystem created: Tue Apr 27 16:26:40 2021
Last mount time:    Wed May 19 10:09:51 2021
     Linux filesys. data    114578512  319378511  204800000
     ext4 blocksize=4096 Large_file Sparse_SB Recover, 104 GB / 97 GiB

recover_EXT2: s_block_group_nr=0/781, s_mnt_count=8/4294967295, s_blocks_per_group=32768, s_inodes_per_group=8192
recover_EXT2: s_blocksize=4096
recover_EXT2: s_blocks_count 25600000
recover_EXT2: part_size 204800000
Filesystem created: Tue Apr 27 16:26:40 2021
Last mount time:    Wed May 19 10:09:51 2021
     Linux filesys. data    114578704  319378703  204800000
     ext4 blocksize=4096 Large_file Sparse_SB Recover, 104 GB / 97 GiB

recover_EXT2: s_block_group_nr=0/781, s_mnt_count=8/4294967295, s_blocks_per_group=32768, s_inodes_per_group=8192
recover_EXT2: s_blocksize=4096
recover_EXT2: s_blocks_count 25600000
recover_EXT2: part_size 204800000
Filesystem created: Tue Apr 27 16:26:40 2021
Last mount time:    Wed May 19 10:09:51 2021
     Linux filesys. data    114578808  319378807  204800000
     ext4 blocksize=4096 Large_file Sparse_SB Recover, 104 GB / 97 GiB

recover_EXT2: s_block_group_nr=0/781, s_mnt_count=8/4294967295, s_blocks_per_group=32768, s_inodes_per_group=8192
recover_EXT2: s_blocksize=4096
recover_EXT2: s_blocks_count 25600000
recover_EXT2: part_size 204800000
Filesystem created: Tue Apr 27 16:26:40 2021
Last mount time:    Wed May 19 10:09:51 2021
     Linux filesys. data    114579064  319379063  204800000
     ext4 blocksize=4096 Large_file Sparse_SB Recover, 104 GB / 97 GiB

recover_EXT2: s_block_group_nr=0/781, s_mnt_count=8/4294967295, s_blocks_per_group=32768, s_inodes_per_group=8192
recover_EXT2: s_blocksize=4096
recover_EXT2: s_blocks_count 25600000
recover_EXT2: part_size 204800000
Filesystem created: Tue Apr 27 16:26:40 2021
Last mount time:    Wed May 19 10:09:51 2021
     Linux filesys. data    114579712  319379711  204800000
     ext4 blocksize=4096 Large_file Sparse_SB Recover, 104 GB / 97 GiB

recover_EXT2: s_block_group_nr=0/781, s_mnt_count=8/4294967295, s_blocks_per_group=32768, s_inodes_per_group=8192
recover_EXT2: s_blocksize=4096
recover_EXT2: s_blocks_count 25600000
recover_EXT2: part_size 204800000
Filesystem created: Tue Apr 27 16:26:40 2021
Last mount time:    Wed May 19 10:09:51 2021
     Linux filesys. data    114580024  319380023  204800000
     ext4 blocksize=4096 Large_file Sparse_SB Recover, 104 GB / 97 GiB

recover_EXT2: s_block_group_nr=0/781, s_mnt_count=8/4294967295, s_blocks_per_group=32768, s_inodes_per_group=8192
recover_EXT2: s_blocksize=4096
recover_EXT2: s_blocks_count 25600000
recover_EXT2: part_size 204800000
Filesystem created: Tue Apr 27 16:26:40 2021
Last mount time:    Wed May 19 10:09:51 2021
     Linux filesys. data    114580112  319380111  204800000
     ext4 blocksize=4096 Large_file Sparse_SB Recover, 104 GB / 97 GiB

recover_EXT2: s_block_group_nr=0/781, s_mnt_count=8/4294967295, s_blocks_per_group=32768, s_inodes_per_group=8192
recover_EXT2: s_blocksize=4096
recover_EXT2: s_blocks_count 25600000
recover_EXT2: part_size 204800000
Filesystem created: Tue Apr 27 16:26:40 2021
Last mount time:    Wed May 19 10:09:51 2021
     Linux filesys. data    114580320  319380319  204800000
     ext4 blocksize=4096 Large_file Sparse_SB Recover, 104 GB / 97 GiB

recover_EXT2: s_block_group_nr=0/781, s_mnt_count=8/4294967295, s_blocks_per_group=32768, s_inodes_per_group=8192
recover_EXT2: s_blocksize=4096
recover_EXT2: s_blocks_count 25600000
recover_EXT2: part_size 204800000
Filesystem created: Tue Apr 27 16:26:40 2021
Last mount time:    Wed May 19 10:09:51 2021
     Linux filesys. data    114580632  319380631  204800000
     ext4 blocksize=4096 Large_file Sparse_SB Recover, 104 GB / 97 GiB

recover_EXT2: s_block_group_nr=0/781, s_mnt_count=8/4294967295, s_blocks_per_group=32768, s_inodes_per_group=8192
recover_EXT2: s_blocksize=4096
recover_EXT2: s_blocks_count 25600000
recover_EXT2: part_size 204800000
Filesystem created: Tue Apr 27 16:26:40 2021
Last mount time:    Wed May 19 10:09:51 2021
     Linux filesys. data    114580688  319380687  204800000
     ext4 blocksize=4096 Large_file Sparse_SB Recover, 104 GB / 97 GiB

recover_EXT2: s_block_group_nr=0/781, s_mnt_count=8/4294967295, s_blocks_per_group=32768, s_inodes_per_group=8192
recover_EXT2: s_blocksize=4096
recover_EXT2: s_blocks_count 25600000
recover_EXT2: part_size 204800000
Filesystem created: Tue Apr 27 16:26:40 2021
Last mount time:    Wed May 19 10:09:51 2021
     Linux filesys. data    114580832  319380831  204800000
     ext4 blocksize=4096 Large_file Sparse_SB Recover, 104 GB / 97 GiB

recover_EXT2: s_block_group_nr=0/781, s_mnt_count=8/4294967295, s_blocks_per_group=32768, s_inodes_per_group=8192
recover_EXT2: s_blocksize=4096
recover_EXT2: s_blocks_count 25600000
recover_EXT2: part_size 204800000
Filesystem created: Tue Apr 27 16:26:40 2021
Last mount time:    Wed May 19 10:09:51 2021
     Linux filesys. data    114581024  319381023  204800000
     ext4 blocksize=4096 Large_file Sparse_SB Recover, 104 GB / 97 GiB

recover_EXT2: s_block_group_nr=0/781, s_mnt_count=8/4294967295, s_blocks_per_group=32768, s_inodes_per_group=8192
recover_EXT2: s_blocksize=4096
recover_EXT2: s_blocks_count 25600000
recover_EXT2: part_size 204800000
Filesystem created: Tue Apr 27 16:26:40 2021
Last mount time:    Wed May 19 10:09:51 2021
     Linux filesys. data    114581048  319381047  204800000
     ext4 blocksize=4096 Large_file Sparse_SB Recover, 104 GB / 97 GiB

recover_EXT2: s_block_group_nr=0/781, s_mnt_count=8/4294967295, s_blocks_per_group=32768, s_inodes_per_group=8192
recover_EXT2: s_blocksize=4096
recover_EXT2: s_blocks_count 25600000
recover_EXT2: part_size 204800000
Filesystem created: Tue Apr 27 16:26:40 2021
Last mount time:    Wed May 19 10:09:51 2021
     Linux filesys. data    114581136  319381135  204800000
     ext4 blocksize=4096 Large_file Sparse_SB Recover, 104 GB / 97 GiB

recover_EXT2: s_block_group_nr=0/781, s_mnt_count=8/4294967295, s_blocks_per_group=32768, s_inodes_per_group=8192
recover_EXT2: s_blocksize=4096
recover_EXT2: s_blocks_count 25600000
recover_EXT2: part_size 204800000
Filesystem created: Tue Apr 27 16:26:40 2021
Last mount time:    Wed May 19 10:09:51 2021
     Linux filesys. data    114581328  319381327  204800000
     ext4 blocksize=4096 Large_file Sparse_SB Recover, 104 GB / 97 GiB

recover_EXT2: s_block_group_nr=0/781, s_mnt_count=8/4294967295, s_blocks_per_group=32768, s_inodes_per_group=8192
recover_EXT2: s_blocksize=4096
recover_EXT2: s_blocks_count 25600000
recover_EXT2: part_size 204800000
Filesystem created: Tue Apr 27 16:26:40 2021
Last mount time:    Wed May 19 10:09:51 2021
     Linux filesys. data    114581400  319381399  204800000
     ext4 blocksize=4096 Large_file Sparse_SB Recover, 104 GB / 97 GiB

recover_EXT2: s_block_group_nr=0/781, s_mnt_count=8/4294967295, s_blocks_per_group=32768, s_inodes_per_group=8192
recover_EXT2: s_blocksize=4096
recover_EXT2: s_blocks_count 25600000
recover_EXT2: part_size 204800000
Filesystem created: Tue Apr 27 16:26:40 2021
Last mount time:    Wed May 19 10:09:51 2021
     Linux filesys. data    114581464  319381463  204800000
     ext4 blocksize=4096 Large_file Sparse_SB Recover, 104 GB / 97 GiB

recover_EXT2: s_block_group_nr=0/781, s_mnt_count=8/4294967295, s_blocks_per_group=32768, s_inodes_per_group=8192
recover_EXT2: s_blocksize=4096
recover_EXT2: s_blocks_count 25600000
recover_EXT2: part_size 204800000
Filesystem created: Tue Apr 27 16:26:40 2021
Last mount time:    Wed May 19 10:09:51 2021
     Linux filesys. data    114581512  319381511  204800000
     ext4 blocksize=4096 Large_file Sparse_SB Recover, 104 GB / 97 GiB

recover_EXT2: s_block_group_nr=0/781, s_mnt_count=8/4294967295, s_blocks_per_group=32768, s_inodes_per_group=8192
recover_EXT2: s_blocksize=4096
recover_EXT2: s_blocks_count 25600000
recover_EXT2: part_size 204800000
Filesystem created: Tue Apr 27 16:26:40 2021
Last mount time:    Wed May 19 10:09:51 2021
     Linux filesys. data    114581672  319381671  204800000
     ext4 blocksize=4096 Large_file Sparse_SB Recover, 104 GB / 97 GiB

recover_EXT2: s_block_group_nr=0/781, s_mnt_count=8/4294967295, s_blocks_per_group=32768, s_inodes_per_group=8192
recover_EXT2: s_blocksize=4096
recover_EXT2: s_blocks_count 25600000
recover_EXT2: part_size 204800000
Filesystem created: Tue Apr 27 16:26:40 2021
Last mount time:    Wed May 19 10:09:51 2021
     Linux filesys. data    114581816  319381815  204800000
     ext4 blocksize=4096 Large_file Sparse_SB Recover, 104 GB / 97 GiB

recover_EXT2: s_block_group_nr=0/781, s_mnt_count=8/4294967295, s_blocks_per_group=32768, s_inodes_per_group=8192
recover_EXT2: s_blocksize=4096
recover_EXT2: s_blocks_count 25600000
recover_EXT2: part_size 204800000
Filesystem created: Tue Apr 27 16:26:40 2021
Last mount time:    Wed May 19 10:09:51 2021
     Linux filesys. data    114581896  319381895  204800000
     ext4 blocksize=4096 Large_file Sparse_SB Recover, 104 GB / 97 GiB

recover_EXT2: s_block_group_nr=0/781, s_mnt_count=8/4294967295, s_blocks_per_group=32768, s_inodes_per_group=8192
recover_EXT2: s_blocksize=4096
recover_EXT2: s_blocks_count 25600000
recover_EXT2: part_size 204800000
Filesystem created: Tue Apr 27 16:26:40 2021
Last mount time:    Wed May 19 10:09:51 2021
     Linux filesys. data    114582032  319382031  204800000
     ext4 blocksize=4096 Large_file Sparse_SB Recover, 104 GB / 97 GiB

recover_EXT2: s_block_group_nr=0/781, s_mnt_count=8/4294967295, s_blocks_per_group=32768, s_inodes_per_group=8192
recover_EXT2: s_blocksize=4096
recover_EXT2: s_blocks_count 25600000
recover_EXT2: part_size 204800000
Filesystem created: Tue Apr 27 16:26:40 2021
Last mount time:    Wed May 19 10:09:51 2021
     Linux filesys. data    114582120  319382119  204800000
     ext4 blocksize=4096 Large_file Sparse_SB Recover, 104 GB / 97 GiB

recover_EXT2: s_block_group_nr=0/781, s_mnt_count=8/4294967295, s_blocks_per_group=32768, s_inodes_per_group=8192
recover_EXT2: s_blocksize=4096
recover_EXT2: s_blocks_count 25600000
recover_EXT2: part_size 204800000
Filesystem created: Tue Apr 27 16:26:40 2021
Last mount time:    Wed May 19 10:09:51 2021
     Linux filesys. data    114582208  319382207  204800000
     ext4 blocksize=4096 Large_file Sparse_SB Recover, 104 GB / 97 GiB

recover_EXT2: s_block_group_nr=0/781, s_mnt_count=8/4294967295, s_blocks_per_group=32768, s_inodes_per_group=8192
recover_EXT2: s_blocksize=4096
recover_EXT2: s_blocks_count 25600000
recover_EXT2: part_size 204800000
Filesystem created: Tue Apr 27 16:26:40 2021
Last mount time:    Wed May 19 10:09:51 2021
     Linux filesys. data    114582296  319382295  204800000
     ext4 blocksize=4096 Large_file Sparse_SB Recover, 104 GB / 97 GiB

recover_EXT2: s_block_group_nr=0/781, s_mnt_count=8/4294967295, s_blocks_per_group=32768, s_inodes_per_group=8192
recover_EXT2: s_blocksize=4096
recover_EXT2: s_blocks_count 25600000
recover_EXT2: part_size 204800000
Filesystem created: Tue Apr 27 16:26:40 2021
Last mount time:    Wed May 19 10:09:51 2021
     Linux filesys. data    114582600  319382599  204800000
     ext4 blocksize=4096 Large_file Sparse_SB Recover, 104 GB / 97 GiB

recover_EXT2: s_block_group_nr=0/781, s_mnt_count=8/4294967295, s_blocks_per_group=32768, s_inodes_per_group=8192
recover_EXT2: s_blocksize=4096
recover_EXT2: s_blocks_count 25600000
recover_EXT2: part_size 204800000
Filesystem created: Tue Apr 27 16:26:40 2021
Last mount time:    Wed May 19 10:09:51 2021
     Linux filesys. data    114582816  319382815  204800000
     ext4 blocksize=4096 Large_file Sparse_SB Recover, 104 GB / 97 GiB

recover_EXT2: s_block_group_nr=0/781, s_mnt_count=8/4294967295, s_blocks_per_group=32768, s_inodes_per_group=8192
recover_EXT2: s_blocksize=4096
recover_EXT2: s_blocks_count 25600000
recover_EXT2: part_size 204800000
Filesystem created: Tue Apr 27 16:26:40 2021
Last mount time:    Wed May 19 10:09:51 2021
     Linux filesys. data    114583152  319383151  204800000
     ext4 blocksize=4096 Large_file Sparse_SB Recover, 104 GB / 97 GiB

recover_EXT2: s_block_group_nr=0/781, s_mnt_count=8/4294967295, s_blocks_per_group=32768, s_inodes_per_group=8192
recover_EXT2: s_blocksize=4096
recover_EXT2: s_blocks_count 25600000
recover_EXT2: part_size 204800000
Filesystem created: Tue Apr 27 16:26:40 2021
Last mount time:    Wed May 19 10:09:51 2021
     Linux filesys. data    114583480  319383479  204800000
     ext4 blocksize=4096 Large_file Sparse_SB Recover, 104 GB / 97 GiB

recover_EXT2: s_block_group_nr=0/781, s_mnt_count=8/4294967295, s_blocks_per_group=32768, s_inodes_per_group=8192
recover_EXT2: s_blocksize=4096
recover_EXT2: s_blocks_count 25600000
recover_EXT2: part_size 204800000
Filesystem created: Tue Apr 27 16:26:40 2021
Last mount time:    Wed May 19 10:09:51 2021
     Linux filesys. data    114584448  319384447  204800000
     ext4 blocksize=4096 Large_file Sparse_SB Recover, 104 GB / 97 GiB

recover_EXT2: s_block_group_nr=0/781, s_mnt_count=8/4294967295, s_blocks_per_group=32768, s_inodes_per_group=8192
recover_EXT2: s_blocksize=4096
recover_EXT2: s_blocks_count 25600000
recover_EXT2: part_size 204800000
Filesystem created: Tue Apr 27 16:26:40 2021
Last mount time:    Wed May 19 10:09:51 2021
     Linux filesys. data    114584568  319384567  204800000
     ext4 blocksize=4096 Large_file Sparse_SB Recover, 104 GB / 97 GiB

recover_EXT2: s_block_group_nr=0/781, s_mnt_count=8/4294967295, s_blocks_per_group=32768, s_inodes_per_group=8192
recover_EXT2: s_blocksize=4096
recover_EXT2: s_blocks_count 25600000
recover_EXT2: part_size 204800000
Filesystem created: Tue Apr 27 16:26:40 2021
Last mount time:    Wed May 19 10:09:51 2021
     Linux filesys. data    114584696  319384695  204800000
     ext4 blocksize=4096 Large_file Sparse_SB Recover, 104 GB / 97 GiB

recover_EXT2: s_block_group_nr=0/781, s_mnt_count=8/4294967295, s_blocks_per_group=32768, s_inodes_per_group=8192
recover_EXT2: s_blocksize=4096
recover_EXT2: s_blocks_count 25600000
recover_EXT2: part_size 204800000
Filesystem created: Tue Apr 27 16:26:40 2021
Last mount time:    Wed May 19 10:09:51 2021
     Linux filesys. data    114584832  319384831  204800000
     ext4 blocksize=4096 Large_file Sparse_SB Recover, 104 GB / 97 GiB

recover_EXT2: s_block_group_nr=0/781, s_mnt_count=8/4294967295, s_blocks_per_group=32768, s_inodes_per_group=8192
recover_EXT2: s_blocksize=4096
recover_EXT2: s_blocks_count 25600000
recover_EXT2: part_size 204800000
Filesystem created: Tue Apr 27 16:26:40 2021
Last mount time:    Wed May 19 10:09:51 2021
     Linux filesys. data    114585152  319385151  204800000
     ext4 blocksize=4096 Large_file Sparse_SB Recover, 104 GB / 97 GiB

recover_EXT2: s_block_group_nr=0/781, s_mnt_count=8/4294967295, s_blocks_per_group=32768, s_inodes_per_group=8192
recover_EXT2: s_blocksize=4096
recover_EXT2: s_blocks_count 25600000
recover_EXT2: part_size 204800000
Filesystem created: Tue Apr 27 16:26:40 2021
Last mount time:    Wed May 19 10:09:51 2021
     Linux filesys. data    114585704  319385703  204800000
     ext4 blocksize=4096 Large_file Sparse_SB Recover, 104 GB / 97 GiB

recover_EXT2: s_block_group_nr=0/781, s_mnt_count=8/4294967295, s_blocks_per_group=32768, s_inodes_per_group=8192
recover_EXT2: s_blocksize=4096
recover_EXT2: s_blocks_count 25600000
recover_EXT2: part_size 204800000
Filesystem created: Tue Apr 27 16:26:40 2021
Last mount time:    Wed May 19 10:09:51 2021
     Linux filesys. data    114585880  319385879  204800000
     ext4 blocksize=4096 Large_file Sparse_SB Recover, 104 GB / 97 GiB

recover_EXT2: s_block_group_nr=0/781, s_mnt_count=8/4294967295, s_blocks_per_group=32768, s_inodes_per_group=8192
recover_EXT2: s_blocksize=4096
recover_EXT2: s_blocks_count 25600000
recover_EXT2: part_size 204800000
Filesystem created: Tue Apr 27 16:26:40 2021
Last mount time:    Wed May 19 10:09:51 2021
     Linux filesys. data    114585944  319385943  204800000
     ext4 blocksize=4096 Large_file Sparse_SB Recover, 104 GB / 97 GiB

recover_EXT2: s_block_group_nr=0/781, s_mnt_count=8/4294967295, s_blocks_per_group=32768, s_inodes_per_group=8192
recover_EXT2: s_blocksize=4096
recover_EXT2: s_blocks_count 25600000
recover_EXT2: part_size 204800000
Filesystem created: Tue Apr 27 16:26:40 2021
Last mount time:    Wed May 19 10:09:51 2021
     Linux filesys. data    114586088  319386087  204800000
     ext4 blocksize=4096 Large_file Sparse_SB Recover, 104 GB / 97 GiB

recover_EXT2: s_block_group_nr=0/781, s_mnt_count=8/4294967295, s_blocks_per_group=32768, s_inodes_per_group=8192
recover_EXT2: s_blocksize=4096
recover_EXT2: s_blocks_count 25600000
recover_EXT2: part_size 204800000
Filesystem created: Tue Apr 27 16:26:40 2021
Last mount time:    Wed May 19 10:09:51 2021
     Linux filesys. data    114586208  319386207  204800000
     ext4 blocksize=4096 Large_file Sparse_SB Recover, 104 GB / 97 GiB

recover_EXT2: s_block_group_nr=0/781, s_mnt_count=8/4294967295, s_blocks_per_group=32768, s_inodes_per_group=8192
recover_EXT2: s_blocksize=4096
recover_EXT2: s_blocks_count 25600000
recover_EXT2: part_size 204800000
Filesystem created: Tue Apr 27 16:26:40 2021
Last mount time:    Wed May 19 10:09:51 2021
     Linux filesys. data    114586480  319386479  204800000
     ext4 blocksize=4096 Large_file Sparse_SB Recover, 104 GB / 97 GiB

recover_EXT2: s_block_group_nr=0/781, s_mnt_count=8/4294967295, s_blocks_per_group=32768, s_inodes_per_group=8192
recover_EXT2: s_blocksize=4096
recover_EXT2: s_blocks_count 25600000
recover_EXT2: part_size 204800000
Filesystem created: Tue Apr 27 16:26:40 2021
Last mount time:    Wed May 19 10:09:51 2021
     Linux filesys. data    114586584  319386583  204800000
     ext4 blocksize=4096 Large_file Sparse_SB Recover, 104 GB / 97 GiB

recover_EXT2: s_block_group_nr=0/781, s_mnt_count=8/4294967295, s_blocks_per_group=32768, s_inodes_per_group=8192
recover_EXT2: s_blocksize=4096
recover_EXT2: s_blocks_count 25600000
recover_EXT2: part_size 204800000
Filesystem created: Tue Apr 27 16:26:40 2021
Last mount time:    Wed May 19 10:09:51 2021
     Linux filesys. data    114586816  319386815  204800000
     ext4 blocksize=4096 Large_file Sparse_SB Recover, 104 GB / 97 GiB

recover_EXT2: s_block_group_nr=0/781, s_mnt_count=8/4294967295, s_blocks_per_group=32768, s_inodes_per_group=8192
recover_EXT2: s_blocksize=4096
recover_EXT2: s_blocks_count 25600000
recover_EXT2: part_size 204800000
Filesystem created: Tue Apr 27 16:26:40 2021
Last mount time:    Wed May 19 10:09:51 2021
     Linux filesys. data    114587216  319387215  204800000
     ext4 blocksize=4096 Large_file Sparse_SB Recover, 104 GB / 97 GiB

recover_EXT2: s_block_group_nr=0/781, s_mnt_count=8/4294967295, s_blocks_per_group=32768, s_inodes_per_group=8192
recover_EXT2: s_blocksize=4096
recover_EXT2: s_blocks_count 25600000
recover_EXT2: part_size 204800000
Filesystem created: Tue Apr 27 16:26:40 2021
Last mount time:    Wed May 19 10:09:51 2021
     Linux filesys. data    114587504  319387503  204800000
     ext4 blocksize=4096 Large_file Sparse_SB Recover, 104 GB / 97 GiB

recover_EXT2: s_block_group_nr=0/781, s_mnt_count=8/4294967295, s_blocks_per_group=32768, s_inodes_per_group=8192
recover_EXT2: s_blocksize=4096
recover_EXT2: s_blocks_count 25600000
recover_EXT2: part_size 204800000
Filesystem created: Tue Apr 27 16:26:40 2021
Last mount time:    Wed May 19 10:09:51 2021
     Linux filesys. data    114587608  319387607  204800000
     ext4 blocksize=4096 Large_file Sparse_SB Recover, 104 GB / 97 GiB

recover_EXT2: s_block_group_nr=0/781, s_mnt_count=8/4294967295, s_blocks_per_group=32768, s_inodes_per_group=8192
recover_EXT2: s_blocksize=4096
recover_EXT2: s_blocks_count 25600000
recover_EXT2: part_size 204800000
Filesystem created: Tue Apr 27 16:26:40 2021
Last mount time:    Wed May 19 10:09:51 2021
     Linux filesys. data    114587696  319387695  204800000
     ext4 blocksize=4096 Large_file Sparse_SB Recover, 104 GB / 97 GiB

recover_EXT2: s_block_group_nr=0/781, s_mnt_count=8/4294967295, s_blocks_per_group=32768, s_inodes_per_group=8192
recover_EXT2: s_blocksize=4096
recover_EXT2: s_blocks_count 25600000
recover_EXT2: part_size 204800000
Filesystem created: Tue Apr 27 16:26:40 2021
Last mount time:    Wed May 19 10:09:51 2021
     Linux filesys. data    114587736  319387735  204800000
     ext4 blocksize=4096 Large_file Sparse_SB Recover, 104 GB / 97 GiB

recover_EXT2: s_block_group_nr=0/781, s_mnt_count=8/4294967295, s_blocks_per_group=32768, s_inodes_per_group=8192
recover_EXT2: s_blocksize=4096
recover_EXT2: s_blocks_count 25600000
recover_EXT2: part_size 204800000
Filesystem created: Tue Apr 27 16:26:40 2021
Last mount time:    Wed May 19 10:09:51 2021
     Linux filesys. data    114587816  319387815  204800000
     ext4 blocksize=4096 Large_file Sparse_SB Recover, 104 GB / 97 GiB

recover_EXT2: s_block_group_nr=0/781, s_mnt_count=8/4294967295, s_blocks_per_group=32768, s_inodes_per_group=8192
recover_EXT2: s_blocksize=4096
recover_EXT2: s_blocks_count 25600000
recover_EXT2: part_size 204800000
Filesystem created: Tue Apr 27 16:26:40 2021
Last mount time:    Wed May 19 10:09:51 2021
     Linux filesys. data    114588024  319388023  204800000
     ext4 blocksize=4096 Large_file Sparse_SB Recover, 104 GB / 97 GiB

recover_EXT2: s_block_group_nr=0/781, s_mnt_count=8/4294967295, s_blocks_per_group=32768, s_inodes_per_group=8192
recover_EXT2: s_blocksize=4096
recover_EXT2: s_blocks_count 25600000
recover_EXT2: part_size 204800000
Filesystem created: Tue Apr 27 16:26:40 2021
Last mount time:    Wed May 19 10:09:51 2021
     Linux filesys. data    114588120  319388119  204800000
     ext4 blocksize=4096 Large_file Sparse_SB Recover, 104 GB / 97 GiB

recover_EXT2: s_block_group_nr=0/781, s_mnt_count=8/4294967295, s_blocks_per_group=32768, s_inodes_per_group=8192
recover_EXT2: s_blocksize=4096
recover_EXT2: s_blocks_count 25600000
recover_EXT2: part_size 204800000
Filesystem created: Tue Apr 27 16:26:40 2021
Last mount time:    Wed May 19 10:09:51 2021
     Linux filesys. data    114588296  319388295  204800000
     ext4 blocksize=4096 Large_file Sparse_SB Recover, 104 GB / 97 GiB

recover_EXT2: s_block_group_nr=0/781, s_mnt_count=8/4294967295, s_blocks_per_group=32768, s_inodes_per_group=8192
recover_EXT2: s_blocksize=4096
recover_EXT2: s_blocks_count 25600000
recover_EXT2: part_size 204800000
Filesystem created: Tue Apr 27 16:26:40 2021
Last mount time:    Wed May 19 10:09:51 2021
     Linux filesys. data    114588448  319388447  204800000
     ext4 blocksize=4096 Large_file Sparse_SB Recover, 104 GB / 97 GiB

recover_EXT2: s_block_group_nr=0/781, s_mnt_count=8/4294967295, s_blocks_per_group=32768, s_inodes_per_group=8192
recover_EXT2: s_blocksize=4096
recover_EXT2: s_blocks_count 25600000
recover_EXT2: part_size 204800000
Filesystem created: Tue Apr 27 16:26:40 2021
Last mount time:    Wed May 19 10:09:51 2021
     Linux filesys. data    114588528  319388527  204800000
     ext4 blocksize=4096 Large_file Sparse_SB Recover, 104 GB / 97 GiB

recover_EXT2: s_block_group_nr=0/781, s_mnt_count=8/4294967295, s_blocks_per_group=32768, s_inodes_per_group=8192
recover_EXT2: s_blocksize=4096
recover_EXT2: s_blocks_count 25600000
recover_EXT2: part_size 204800000
Filesystem created: Tue Apr 27 16:26:40 2021
Last mount time:    Wed May 19 10:09:51 2021
     Linux filesys. data    114588664  319388663  204800000
     ext4 blocksize=4096 Large_file Sparse_SB Recover, 104 GB / 97 GiB

recover_EXT2: s_block_group_nr=0/781, s_mnt_count=8/4294967295, s_blocks_per_group=32768, s_inodes_per_group=8192
recover_EXT2: s_blocksize=4096
recover_EXT2: s_blocks_count 25600000
recover_EXT2: part_size 204800000
Filesystem created: Tue Apr 27 16:26:40 2021
Last mount time:    Wed May 19 10:09:51 2021
     Linux filesys. data    114588768  319388767  204800000
     ext4 blocksize=4096 Large_file Sparse_SB Recover, 104 GB / 97 GiB

recover_EXT2: s_block_group_nr=0/781, s_mnt_count=8/4294967295, s_blocks_per_group=32768, s_inodes_per_group=8192
recover_EXT2: s_blocksize=4096
recover_EXT2: s_blocks_count 25600000
recover_EXT2: part_size 204800000
Filesystem created: Tue Apr 27 16:26:40 2021
Last mount time:    Wed May 19 10:09:51 2021
     Linux filesys. data    114588944  319388943  204800000
     ext4 blocksize=4096 Large_file Sparse_SB Recover, 104 GB / 97 GiB

recover_EXT2: s_block_group_nr=0/781, s_mnt_count=8/4294967295, s_blocks_per_group=32768, s_inodes_per_group=8192
recover_EXT2: s_blocksize=4096
recover_EXT2: s_blocks_count 25600000
recover_EXT2: part_size 204800000
Filesystem created: Tue Apr 27 16:26:40 2021
Last mount time:    Wed May 19 10:09:51 2021
     Linux filesys. data    114589096  319389095  204800000
     ext4 blocksize=4096 Large_file Sparse_SB Recover, 104 GB / 97 GiB

recover_EXT2: s_block_group_nr=0/781, s_mnt_count=8/4294967295, s_blocks_per_group=32768, s_inodes_per_group=8192
recover_EXT2: s_blocksize=4096
recover_EXT2: s_blocks_count 25600000
recover_EXT2: part_size 204800000
Filesystem created: Tue Apr 27 16:26:40 2021
Last mount time:    Wed May 19 10:09:51 2021
     Linux filesys. data    114589176  319389175  204800000
     ext4 blocksize=4096 Large_file Sparse_SB Recover, 104 GB / 97 GiB

recover_EXT2: s_block_group_nr=0/781, s_mnt_count=8/4294967295, s_blocks_per_group=32768, s_inodes_per_group=8192
recover_EXT2: s_blocksize=4096
recover_EXT2: s_blocks_count 25600000
recover_EXT2: part_size 204800000
Filesystem created: Tue Apr 27 16:26:40 2021
Last mount time:    Wed May 19 10:09:51 2021
     Linux filesys. data    114589376  319389375  204800000
     ext4 blocksize=4096 Large_file Sparse_SB Recover, 104 GB / 97 GiB

recover_EXT2: s_block_group_nr=0/781, s_mnt_count=8/4294967295, s_blocks_per_group=32768, s_inodes_per_group=8192
recover_EXT2: s_blocksize=4096
recover_EXT2: s_blocks_count 25600000
recover_EXT2: part_size 204800000
Filesystem created: Tue Apr 27 16:26:40 2021
Last mount time:    Wed May 19 10:09:51 2021
     Linux filesys. data    114589512  319389511  204800000
     ext4 blocksize=4096 Large_file Sparse_SB Recover, 104 GB / 97 GiB

recover_EXT2: s_block_group_nr=0/781, s_mnt_count=8/4294967295, s_blocks_per_group=32768, s_inodes_per_group=8192
recover_EXT2: s_blocksize=4096
recover_EXT2: s_blocks_count 25600000
recover_EXT2: part_size 204800000
Filesystem created: Tue Apr 27 16:26:40 2021
Last mount time:    Wed May 19 10:09:51 2021
     Linux filesys. data    114589640  319389639  204800000
     ext4 blocksize=4096 Large_file Sparse_SB Recover, 104 GB / 97 GiB

recover_EXT2: s_block_group_nr=0/781, s_mnt_count=8/4294967295, s_blocks_per_group=32768, s_inodes_per_group=8192
recover_EXT2: s_blocksize=4096
recover_EXT2: s_blocks_count 25600000
recover_EXT2: part_size 204800000
Filesystem created: Tue Apr 27 16:26:40 2021
Last mount time:    Wed May 19 10:09:51 2021
     Linux filesys. data    114589680  319389679  204800000
     ext4 blocksize=4096 Large_file Sparse_SB Recover, 104 GB / 97 GiB

recover_EXT2: s_block_group_nr=0/781, s_mnt_count=8/4294967295, s_blocks_per_group=32768, s_inodes_per_group=8192
recover_EXT2: s_blocksize=4096
recover_EXT2: s_blocks_count 25600000
recover_EXT2: part_size 204800000
Filesystem created: Tue Apr 27 16:26:40 2021
Last mount time:    Wed May 19 10:09:51 2021
     Linux filesys. data    114589736  319389735  204800000
     ext4 blocksize=4096 Large_file Sparse_SB Recover, 104 GB / 97 GiB

recover_EXT2: s_block_group_nr=0/781, s_mnt_count=8/4294967295, s_blocks_per_group=32768, s_inodes_per_group=8192
recover_EXT2: s_blocksize=4096
recover_EXT2: s_blocks_count 25600000
recover_EXT2: part_size 204800000
Filesystem created: Tue Apr 27 16:26:40 2021
Last mount time:    Wed May 19 10:09:51 2021
     Linux filesys. data    114589776  319389775  204800000
     ext4 blocksize=4096 Large_file Sparse_SB Recover, 104 GB / 97 GiB

recover_EXT2: s_block_group_nr=0/781, s_mnt_count=8/4294967295, s_blocks_per_group=32768, s_inodes_per_group=8192
recover_EXT2: s_blocksize=4096
recover_EXT2: s_blocks_count 25600000
recover_EXT2: part_size 204800000
Filesystem created: Tue Apr 27 16:26:40 2021
Last mount time:    Wed May 19 10:09:51 2021
     Linux filesys. data    114589824  319389823  204800000
     ext4 blocksize=4096 Large_file Sparse_SB Recover, 104 GB / 97 GiB

recover_EXT2: s_block_group_nr=0/781, s_mnt_count=8/4294967295, s_blocks_per_group=32768, s_inodes_per_group=8192
recover_EXT2: s_blocksize=4096
recover_EXT2: s_blocks_count 25600000
recover_EXT2: part_size 204800000
Filesystem created: Tue Apr 27 16:26:40 2021
Last mount time:    Wed May 19 10:09:51 2021
     Linux filesys. data    114589928  319389927  204800000
     ext4 blocksize=4096 Large_file Sparse_SB Recover, 104 GB / 97 GiB

recover_EXT2: s_block_group_nr=0/781, s_mnt_count=8/4294967295, s_blocks_per_group=32768, s_inodes_per_group=8192
recover_EXT2: s_blocksize=4096
recover_EXT2: s_blocks_count 25600000
recover_EXT2: part_size 204800000
Filesystem created: Tue Apr 27 16:26:40 2021
Last mount time:    Wed May 19 10:09:51 2021
     Linux filesys. data    114590176  319390175  204800000
     ext4 blocksize=4096 Large_file Sparse_SB Recover, 104 GB / 97 GiB

recover_EXT2: s_block_group_nr=0/781, s_mnt_count=8/4294967295, s_blocks_per_group=32768, s_inodes_per_group=8192
recover_EXT2: s_blocksize=4096
recover_EXT2: s_blocks_count 25600000
recover_EXT2: part_size 204800000
Filesystem created: Tue Apr 27 16:26:40 2021
Last mount time:    Wed May 19 10:09:51 2021
     Linux filesys. data    114590384  319390383  204800000
     ext4 blocksize=4096 Large_file Sparse_SB Recover, 104 GB / 97 GiB

recover_EXT2: s_block_group_nr=0/781, s_mnt_count=8/4294967295, s_blocks_per_group=32768, s_inodes_per_group=8192
recover_EXT2: s_blocksize=4096
recover_EXT2: s_blocks_count 25600000
recover_EXT2: part_size 204800000
Filesystem created: Tue Apr 27 16:26:40 2021
Last mount time:    Wed May 19 10:09:51 2021
     Linux filesys. data    114590504  319390503  204800000
     ext4 blocksize=4096 Large_file Sparse_SB Recover, 104 GB / 97 GiB

recover_EXT2: s_block_group_nr=0/781, s_mnt_count=8/4294967295, s_blocks_per_group=32768, s_inodes_per_group=8192
recover_EXT2: s_blocksize=4096
recover_EXT2: s_blocks_count 25600000
recover_EXT2: part_size 204800000
Filesystem created: Tue Apr 27 16:26:40 2021
Last mount time:    Wed May 19 10:09:51 2021
     Linux filesys. data    114590640  319390639  204800000
     ext4 blocksize=4096 Large_file Sparse_SB Recover, 104 GB / 97 GiB

recover_EXT2: s_block_group_nr=0/781, s_mnt_count=8/4294967295, s_blocks_per_group=32768, s_inodes_per_group=8192
recover_EXT2: s_blocksize=4096
recover_EXT2: s_blocks_count 25600000
recover_EXT2: part_size 204800000
Filesystem created: Tue Apr 27 16:26:40 2021
Last mount time:    Wed May 19 10:09:51 2021
     Linux filesys. data    114590680  319390679  204800000
     ext4 blocksize=4096 Large_file Sparse_SB Recover, 104 GB / 97 GiB

recover_EXT2: s_block_group_nr=0/781, s_mnt_count=8/4294967295, s_blocks_per_group=32768, s_inodes_per_group=8192
recover_EXT2: s_blocksize=4096
recover_EXT2: s_blocks_count 25600000
recover_EXT2: part_size 204800000
Filesystem created: Tue Apr 27 16:26:40 2021
Last mount time:    Wed May 19 10:09:51 2021
     Linux filesys. data    114590800  319390799  204800000
     ext4 blocksize=4096 Large_file Sparse_SB Recover, 104 GB / 97 GiB

recover_EXT2: s_block_group_nr=0/781, s_mnt_count=8/4294967295, s_blocks_per_group=32768, s_inodes_per_group=8192
recover_EXT2: s_blocksize=4096
recover_EXT2: s_blocks_count 25600000
recover_EXT2: part_size 204800000
Filesystem created: Tue Apr 27 16:26:40 2021
Last mount time:    Wed May 19 10:09:51 2021
     Linux filesys. data    114590856  319390855  204800000
     ext4 blocksize=4096 Large_file Sparse_SB Recover, 104 GB / 97 GiB

recover_EXT2: s_block_group_nr=0/781, s_mnt_count=8/4294967295, s_blocks_per_group=32768, s_inodes_per_group=8192
recover_EXT2: s_blocksize=4096
recover_EXT2: s_blocks_count 25600000
recover_EXT2: part_size 204800000
Filesystem created: Tue Apr 27 16:26:40 2021
Last mount time:    Wed May 19 10:09:51 2021
     Linux filesys. data    114590912  319390911  204800000
     ext4 blocksize=4096 Large_file Sparse_SB Recover, 104 GB / 97 GiB

recover_EXT2: s_block_group_nr=0/781, s_mnt_count=8/4294967295, s_blocks_per_group=32768, s_inodes_per_group=8192
recover_EXT2: s_blocksize=4096
recover_EXT2: s_blocks_count 25600000
recover_EXT2: part_size 204800000
Filesystem created: Tue Apr 27 16:26:40 2021
Last mount time:    Wed May 19 10:09:51 2021
     Linux filesys. data    114590992  319390991  204800000
     ext4 blocksize=4096 Large_file Sparse_SB Recover, 104 GB / 97 GiB

recover_EXT2: s_block_group_nr=0/781, s_mnt_count=8/4294967295, s_blocks_per_group=32768, s_inodes_per_group=8192
recover_EXT2: s_blocksize=4096
recover_EXT2: s_blocks_count 25600000
recover_EXT2: part_size 204800000
Filesystem created: Tue Apr 27 16:26:40 2021
Last mount time:    Wed May 19 10:09:51 2021
     Linux filesys. data    114591144  319391143  204800000
     ext4 blocksize=4096 Large_file Sparse_SB Recover, 104 GB / 97 GiB

recover_EXT2: s_block_group_nr=0/781, s_mnt_count=8/4294967295, s_blocks_per_group=32768, s_inodes_per_group=8192
recover_EXT2: s_blocksize=4096
recover_EXT2: s_blocks_count 25600000
recover_EXT2: part_size 204800000
Filesystem created: Tue Apr 27 16:26:40 2021
Last mount time:    Wed May 19 10:09:51 2021
     Linux filesys. data    114591224  319391223  204800000
     ext4 blocksize=4096 Large_file Sparse_SB Recover, 104 GB / 97 GiB

recover_EXT2: s_block_group_nr=0/781, s_mnt_count=8/4294967295, s_blocks_per_group=32768, s_inodes_per_group=8192
recover_EXT2: s_blocksize=4096
recover_EXT2: s_blocks_count 25600000
recover_EXT2: part_size 204800000
Filesystem created: Tue Apr 27 16:26:40 2021
Last mount time:    Wed May 19 10:09:51 2021
     Linux filesys. data    114591288  319391287  204800000
     ext4 blocksize=4096 Large_file Sparse_SB Recover, 104 GB / 97 GiB

recover_EXT2: s_block_group_nr=0/781, s_mnt_count=8/4294967295, s_blocks_per_group=32768, s_inodes_per_group=8192
recover_EXT2: s_blocksize=4096
recover_EXT2: s_blocks_count 25600000
recover_EXT2: part_size 204800000
Filesystem created: Tue Apr 27 16:26:40 2021
Last mount time:    Wed May 19 10:09:51 2021
     Linux filesys. data    114591520  319391519  204800000
     ext4 blocksize=4096 Large_file Sparse_SB Recover, 104 GB / 97 GiB

recover_EXT2: s_block_group_nr=0/781, s_mnt_count=8/4294967295, s_blocks_per_group=32768, s_inodes_per_group=8192
recover_EXT2: s_blocksize=4096
recover_EXT2: s_blocks_count 25600000
recover_EXT2: part_size 204800000
Filesystem created: Tue Apr 27 16:26:40 2021
Last mount time:    Wed May 19 10:09:51 2021
     Linux filesys. data    114591640  319391639  204800000
     ext4 blocksize=4096 Large_file Sparse_SB Recover, 104 GB / 97 GiB

recover_EXT2: s_block_group_nr=0/781, s_mnt_count=8/4294967295, s_blocks_per_group=32768, s_inodes_per_group=8192
recover_EXT2: s_blocksize=4096
recover_EXT2: s_blocks_count 25600000
recover_EXT2: part_size 204800000
Filesystem created: Tue Apr 27 16:26:40 2021
Last mount time:    Wed May 19 10:09:51 2021
     Linux filesys. data    114591816  319391815  204800000
     ext4 blocksize=4096 Large_file Sparse_SB Recover, 104 GB / 97 GiB

recover_EXT2: s_block_group_nr=0/781, s_mnt_count=8/4294967295, s_blocks_per_group=32768, s_inodes_per_group=8192
recover_EXT2: s_blocksize=4096
recover_EXT2: s_blocks_count 25600000
recover_EXT2: part_size 204800000
Filesystem created: Tue Apr 27 16:26:40 2021
Last mount time:    Wed May 19 10:09:51 2021
     Linux filesys. data    114592096  319392095  204800000
     ext4 blocksize=4096 Large_file Sparse_SB Recover, 104 GB / 97 GiB

recover_EXT2: s_block_group_nr=0/781, s_mnt_count=8/4294967295, s_blocks_per_group=32768, s_inodes_per_group=8192
recover_EXT2: s_blocksize=4096
recover_EXT2: s_blocks_count 25600000
recover_EXT2: part_size 204800000
Filesystem created: Tue Apr 27 16:26:40 2021
Last mount time:    Wed May 19 10:09:51 2021
     Linux filesys. data    114592432  319392431  204800000
     ext4 blocksize=4096 Large_file Sparse_SB Recover, 104 GB / 97 GiB
Buffer can't store more than 200 lines.

recover_EXT2: s_block_group_nr=0/781, s_mnt_count=8/4294967295, s_blocks_per_group=32768, s_inodes_per_group=8192
recover_EXT2: s_blocksize=4096
recover_EXT2: s_blocks_count 25600000
recover_EXT2: part_size 204800000
Filesystem created: Tue Apr 27 16:26:40 2021
Last mount time:    Wed May 19 10:09:51 2021
     Linux filesys. data    114592616  319392615  204800000
     ext4 blocksize=4096 Large_file Sparse_SB Recover, 104 GB / 97 GiB

recover_EXT2: s_block_group_nr=0/781, s_mnt_count=8/4294967295, s_blocks_per_group=32768, s_inodes_per_group=8192
recover_EXT2: s_blocksize=4096
recover_EXT2: s_blocks_count 25600000
recover_EXT2: part_size 204800000
Filesystem created: Tue Apr 27 16:26:40 2021
Last mount time:    Wed May 19 10:09:51 2021
     Linux filesys. data    114592792  319392791  204800000
     ext4 blocksize=4096 Large_file Sparse_SB Recover, 104 GB / 97 GiB

recover_EXT2: s_block_group_nr=0/781, s_mnt_count=8/4294967295, s_blocks_per_group=32768, s_inodes_per_group=8192
recover_EXT2: s_blocksize=4096
recover_EXT2: s_blocks_count 25600000
recover_EXT2: part_size 204800000
Filesystem created: Tue Apr 27 16:26:40 2021
Last mount time:    Wed May 19 10:09:51 2021
     Linux filesys. data    114592888  319392887  204800000
     ext4 blocksize=4096 Large_file Sparse_SB Recover, 104 GB / 97 GiB

recover_EXT2: s_block_group_nr=0/781, s_mnt_count=8/4294967295, s_blocks_per_group=32768, s_inodes_per_group=8192
recover_EXT2: s_blocksize=4096
recover_EXT2: s_blocks_count 25600000
recover_EXT2: part_size 204800000
Filesystem created: Tue Apr 27 16:26:40 2021
Last mount time:    Wed May 19 10:09:51 2021
     Linux filesys. data    114592952  319392951  204800000
     ext4 blocksize=4096 Large_file Sparse_SB Recover, 104 GB / 97 GiB

recover_EXT2: s_block_group_nr=0/781, s_mnt_count=8/4294967295, s_blocks_per_group=32768, s_inodes_per_group=8192
recover_EXT2: s_blocksize=4096
recover_EXT2: s_blocks_count 25600000
recover_EXT2: part_size 204800000
Filesystem created: Tue Apr 27 16:26:40 2021
Last mount time:    Wed May 19 10:09:51 2021
     Linux filesys. data    114593200  319393199  204800000
     ext4 blocksize=4096 Large_file Sparse_SB Recover, 104 GB / 97 GiB

recover_EXT2: s_block_group_nr=0/781, s_mnt_count=8/4294967295, s_blocks_per_group=32768, s_inodes_per_group=8192
recover_EXT2: s_blocksize=4096
recover_EXT2: s_blocks_count 25600000
recover_EXT2: part_size 204800000
Filesystem created: Tue Apr 27 16:26:40 2021
Last mount time:    Wed May 19 10:09:51 2021
     Linux filesys. data    114593352  319393351  204800000
     ext4 blocksize=4096 Large_file Sparse_SB Recover, 104 GB / 97 GiB

recover_EXT2: s_block_group_nr=0/781, s_mnt_count=8/4294967295, s_blocks_per_group=32768, s_inodes_per_group=8192
recover_EXT2: s_blocksize=4096
recover_EXT2: s_blocks_count 25600000
recover_EXT2: part_size 204800000
Filesystem created: Tue Apr 27 16:26:40 2021
Last mount time:    Wed May 19 10:09:51 2021
     Linux filesys. data    114593424  319393423  204800000
     ext4 blocksize=4096 Large_file Sparse_SB Recover, 104 GB / 97 GiB

recover_EXT2: s_block_group_nr=0/781, s_mnt_count=8/4294967295, s_blocks_per_group=32768, s_inodes_per_group=8192
recover_EXT2: s_blocksize=4096
recover_EXT2: s_blocks_count 25600000
recover_EXT2: part_size 204800000
Filesystem created: Tue Apr 27 16:26:40 2021
Last mount time:    Wed May 19 10:09:51 2021
     Linux filesys. data    114593520  319393519  204800000
     ext4 blocksize=4096 Large_file Sparse_SB Recover, 104 GB / 97 GiB

recover_EXT2: s_block_group_nr=0/781, s_mnt_count=8/4294967295, s_blocks_per_group=32768, s_inodes_per_group=8192
recover_EXT2: s_blocksize=4096
recover_EXT2: s_blocks_count 25600000
recover_EXT2: part_size 204800000
Filesystem created: Tue Apr 27 16:26:40 2021
Last mount time:    Wed May 19 10:09:51 2021
     Linux filesys. data    114593592  319393591  204800000
     ext4 blocksize=4096 Large_file Sparse_SB Recover, 104 GB / 97 GiB

recover_EXT2: s_block_group_nr=0/781, s_mnt_count=8/4294967295, s_blocks_per_group=32768, s_inodes_per_group=8192
recover_EXT2: s_blocksize=4096
recover_EXT2: s_blocks_count 25600000
recover_EXT2: part_size 204800000
Filesystem created: Tue Apr 27 16:26:40 2021
Last mount time:    Wed May 19 10:09:51 2021
     Linux filesys. data    114593720  319393719  204800000
     ext4 blocksize=4096 Large_file Sparse_SB Recover, 104 GB / 97 GiB

recover_EXT2: s_block_group_nr=0/781, s_mnt_count=8/4294967295, s_blocks_per_group=32768, s_inodes_per_group=8192
recover_EXT2: s_blocksize=4096
recover_EXT2: s_blocks_count 25600000
recover_EXT2: part_size 204800000
Filesystem created: Tue Apr 27 16:26:40 2021
Last mount time:    Wed May 19 10:09:51 2021
     Linux filesys. data    114593872  319393871  204800000
     ext4 blocksize=4096 Large_file Sparse_SB Recover, 104 GB / 97 GiB

